{"timestamp":"2025-05-09 18:37:36.138","level":"info","message":"Step started: Database Initialization","isEncrypted":false,"traceId":"YjeBldFStXwyPR009cZ_w","route":"general","service":"initialization","metadata":{"step":"database","traceId":"AGHWVb8W_2MDZXes_XDGc"}}
{"timestamp":"2025-05-09 18:37:36.673","level":"info","message":"Step completed: Database Initialization","isEncrypted":false,"traceId":"_erO7rlND1IQVlNCV-O6N","route":"general","service":"initialization","metadata":{"step":"database","status":"success","duration":"0.54","traceId":"qjs3Drg03Qsq26uc9rzBu"}}
{"timestamp":"2025-05-09 18:37:36.677","level":"info","message":"Step started: SMTP Initialization","isEncrypted":false,"traceId":"zUAi9b7QEMWJeFBcK77Hg","route":"general","service":"initialization","metadata":{"step":"smtp","traceId":"vyp6Redxg_98ehPiahj4q"}}
{"timestamp":"2025-05-09 18:37:37.310","level":"info","message":"SMTP server verified successfully","isEncrypted":false,"traceId":"XgLWfVMraOYaydV01H0lr","route":"general","service":"default","metadata":{"traceId":"eRdQZlgjw5DZdAJzofEo6"}}
{"timestamp":"2025-05-09 18:37:37.311","level":"info","message":"Step completed: SMTP Initialization","isEncrypted":false,"traceId":"H1adxsu8tQWgODw3JE2Bz","route":"general","service":"initialization","metadata":{"step":"smtp","status":"success","duration":"0.63","traceId":"UDpKVP483SpzIYzpaNvRf"}}
{"timestamp":"2025-05-09 18:37:37.313","level":"info","message":"Step started: SMS Initialization","isEncrypted":false,"traceId":"WJSXzoh5O2aQ7aneN_apu","route":"general","service":"initialization","metadata":{"step":"sms","traceId":"r-HthDkjc_ks0BiHPSWYV"}}
{"timestamp":"2025-05-09 18:37:37.422","level":"info","message":"Step completed: SMS Initialization","isEncrypted":false,"traceId":"8BtPbTQE7-MHOFSGBKDLw","route":"general","service":"initialization","metadata":{"step":"sms","status":"success","duration":"0.11","traceId":"M8_qkPcpFhbyYc3l0dUEk"}}
{"timestamp":"2025-05-09 18:37:37.423","level":"info","message":"Step started: Redis Initialization","isEncrypted":false,"traceId":"UA6JyqlYJojLbTKehYE3q","route":"general","service":"initialization","metadata":{"step":"redis","traceId":"iGJJba48Y6QCFdXctS6FF"}}
{"timestamp":"2025-05-09 18:37:37.424","level":"info","message":"Step completed: Redis Initialization","isEncrypted":false,"traceId":"FIsobWs73Xi0LzN9HFMve","route":"general","service":"initialization","metadata":{"step":"redis","status":"success","duration":"0.00","traceId":"v4KjAyUQcqwFTJkfkEDAd"}}
{"timestamp":"2025-05-09 18:37:37.426","level":"info","message":"Step started: Google Services Configuration","isEncrypted":false,"traceId":"Kt3lWid8PqOTxDjmOC2Sy","route":"general","service":"initialization","metadata":{"step":"googleServices","traceId":"E0jiE9JJguukikBeD3Kwa"}}
{"timestamp":"2025-05-09 18:37:37.428","level":"info","message":"Step completed: Google Services Configuration","isEncrypted":false,"traceId":"KS5vzSJRJSESbsKG3a8WM","route":"general","service":"initialization","metadata":{"step":"googleServices","status":"success","duration":"0.00","traceId":"beDmnERrezFvXC8TpNoUQ"}}
{"timestamp":"2025-05-09 18:37:37.429","level":"info","message":"Step started: Model Associations","isEncrypted":false,"traceId":"Mvm2cHlpy_JeRwJ7-CUZC","route":"general","service":"initialization","metadata":{"step":"associations","traceId":"9Rl_fTTgK_sSxyUci5VVs"}}
{"timestamp":"2025-05-09 18:37:37.477","level":"info","message":"Step completed: Model Associations","isEncrypted":false,"traceId":"1hzjkpOOps_PjSc7ld_Ml","route":"general","service":"initialization","metadata":{"step":"associations","status":"success","duration":"0.05","traceId":"bWjNxui1I9XuAsJ5rG2Kz"}}
{"timestamp":"2025-05-09 18:37:37.479","level":"info","message":"Step skipped: Database Synchronization","isEncrypted":false,"traceId":"SrR6olAVnprQ9Vm_YPmWu","route":"general","service":"initialization","metadata":{"step":"sync","status":"skipped","traceId":"IRVEB-6ZhVJ0lWXqg2XHi"}}
{"timestamp":"2025-05-09 18:37:37.481","level":"info","message":"Step skipped: Geographic Data Initialization","isEncrypted":false,"traceId":"xxYsNJyAetFd7HS-4vl1l","route":"general","service":"initialization","metadata":{"step":"geoData","status":"skipped","traceId":"-oixLYQIPA84To9HWFv41"}}
{"timestamp":"2025-05-09 18:37:37.484","level":"info","message":"Step skipped: Agent Data Seeding","isEncrypted":false,"traceId":"2dbIEAPWgd6KRKrGfinwA","route":"general","service":"initialization","metadata":{"step":"agents","status":"skipped","traceId":"wCu6J1YUCM1gtAJK6_4_s"}}
{"timestamp":"2025-05-09 18:37:37.486","level":"info","message":"Step skipped: Permission Seeding","isEncrypted":false,"traceId":"DuUrFm4PQv-Ozbu1-nEei","route":"general","service":"initialization","metadata":{"step":"permissions","status":"skipped","traceId":"-psv6V4JKH3R_7Mj_ecEv"}}
{"timestamp":"2025-05-09 18:37:37.488","level":"info","message":"Step skipped: Super Admin Seeding","isEncrypted":false,"traceId":"hHk1MFjaQe40D_VGeWRQj","route":"general","service":"initialization","metadata":{"step":"superadmin","status":"skipped","traceId":"EYKoHSU814YiR_uiKuHva"}}
{"timestamp":"2025-05-09 18:37:37.492","level":"info","message":"Step started: Socket Initialization","isEncrypted":false,"traceId":"oyR4SzlNdM0_y-ioDtatE","route":"general","service":"initialization","metadata":{"step":"socket","traceId":"r9NxoVrvQauY98fT6vc5r"}}
{"timestamp":"2025-05-09 18:37:37.494","level":"info","message":"Step completed: Socket Initialization","isEncrypted":false,"traceId":"zXv8oY5FIg8OpKlVJkleq","route":"general","service":"initialization","metadata":{"step":"socket","status":"success","duration":"0.00","traceId":"R_YOZDzoJ0hxJlnTKRVc7"}}
{"timestamp":"2025-05-09 18:37:37.498","level":"info","message":"Step started: Server Initialization","isEncrypted":false,"traceId":"4hOLi4XRHpE9G6YIbKT1B","route":"general","service":"initialization","metadata":{"step":"server","traceId":"qk9_RYc0HoWxOy-zJ215X"}}
{"timestamp":"2025-05-09 18:37:37.504","level":"info","message":"mDNS advertisement skipped in development mode","isEncrypted":false,"traceId":"tg1eiKrN3yIT2xXgEgE3s","route":"general","service":"default","metadata":{"traceId":"r-zlViSGckD06WOH_NTIG"}}
{"timestamp":"2025-05-09 18:37:37.507","level":"info","message":"Step completed: Server Initialization","isEncrypted":false,"traceId":"08ghPE1bLeZF137HHTNDP","route":"general","service":"initialization","metadata":{"step":"server","status":"success","duration":"0.01","traceId":"tJTCNbASmbVwi7omR0iy0"}}
{"timestamp":"2025-05-09 18:37:37.511","level":"info","message":"TraceFlow Initialization Summary","isEncrypted":false,"traceId":"BGZOkz3iyUb-RcYesFX5S","route":"general","service":"initialization","metadata":{"traceId":"ZQ5FLrhZbC17zd0OX9LnA"}}
{"timestamp":"2025-05-09 18:37:37.514","level":"info","message":"Date: 2025-05-09T17:37:37.513Z","isEncrypted":false,"traceId":"gTg2oIaAKHDybbO4a3j_d","route":"general","service":"initialization","metadata":{"traceId":"nw0LTGI3w8Rr9v_2SteKa"}}
{"timestamp":"2025-05-09 18:37:37.516","level":"info","message":"Steps Completed:","isEncrypted":false,"traceId":"cl5k4WKRAE1X0Xi7QkcFd","route":"general","service":"initialization","metadata":{"traceId":"34BT4H71JpWeQRi7IgFll"}}
{"timestamp":"2025-05-09 18:37:37.518","level":"info","message":"  - Database Initialization: \u001b[32mSUCCESS\u001b[39m - (0.54s)","isEncrypted":false,"traceId":"oYfHTz7hvEHKkhrvgfGAI","route":"general","service":"initialization","metadata":{"step":"Database Initialization","status":"success","duration":"0.54","traceId":"kAQ5FoKGt8S6LGnCGjZPt"}}
{"timestamp":"2025-05-09 18:37:37.521","level":"info","message":"  - SMTP Initialization: \u001b[32mSUCCESS\u001b[39m - (0.64s)","isEncrypted":false,"traceId":"581NLtvtnt609y4ZiImC-","route":"general","service":"initialization","metadata":{"step":"SMTP Initialization","status":"success","duration":"0.64","traceId":"5PqVPItihA2qMfG8vGxzi"}}
{"timestamp":"2025-05-09 18:37:37.523","level":"info","message":"  - SMS Initialization: \u001b[32mSUCCESS\u001b[39m - (0.11s)","isEncrypted":false,"traceId":"cMnEeSGoCSi-f60jTY26f","route":"general","service":"initialization","metadata":{"step":"SMS Initialization","status":"success","duration":"0.11","traceId":"E548N8UAGqbYpWq3y0hqI"}}
{"timestamp":"2025-05-09 18:37:37.525","level":"info","message":"  - Redis Initialization: \u001b[32mSUCCESS\u001b[39m - (0.00s)","isEncrypted":false,"traceId":"eaEcfhBnB2MNUjjpPFCEw","route":"general","service":"initialization","metadata":{"step":"Redis Initialization","status":"success","duration":"0.00","traceId":"ybuX36ddhmbOo38PwYkBc"}}
{"timestamp":"2025-05-09 18:37:37.527","level":"info","message":"  - Google Services Configuration: \u001b[32mSUCCESS\u001b[39m - (0.00s)","isEncrypted":false,"traceId":"J_CwQ1trR4WIqKZzlLq3f","route":"general","service":"initialization","metadata":{"step":"Google Services Configuration","status":"success","duration":"0.00","traceId":"pWXKowsVEptOCJO8snhMJ"}}
{"timestamp":"2025-05-09 18:37:37.528","level":"info","message":"  - Model Associations: \u001b[32mSUCCESS\u001b[39m - (0.05s)","isEncrypted":false,"traceId":"yrCAyNloTKoF2dMGaY_z8","route":"general","service":"initialization","metadata":{"step":"Model Associations","status":"success","duration":"0.05","traceId":"17REdtbN10h-uYD89TiQn"}}
{"timestamp":"2025-05-09 18:37:37.531","level":"info","message":"  - Database Synchronization: \u001b[33mSKIPPED\u001b[39m - (0.00s)","isEncrypted":false,"traceId":"1Y-pMI_fPZN77M3ZQZc7f","route":"general","service":"initialization","metadata":{"step":"Database Synchronization","status":"skipped","duration":"0.00","traceId":"lMCX9-_vbi-MiOZK5U7X6"}}
{"timestamp":"2025-05-09 18:37:37.533","level":"info","message":"  - Geographic Data Initialization: \u001b[33mSKIPPED\u001b[39m - (0.00s)","isEncrypted":false,"traceId":"dv_YZTPrz-MzG1khh0V0s","route":"general","service":"initialization","metadata":{"step":"Geographic Data Initialization","status":"skipped","duration":"0.00","traceId":"xgA_1DF9LAQaz4w3nryDl"}}
{"timestamp":"2025-05-09 18:37:37.535","level":"info","message":"  - Agent Data Seeding: \u001b[33mSKIPPED\u001b[39m - (0.00s)","isEncrypted":false,"traceId":"8pzKwZQIxroOJ0ytg1SjS","route":"general","service":"initialization","metadata":{"step":"Agent Data Seeding","status":"skipped","duration":"0.00","traceId":"oqwYzIkbOQozOz4y2WJKG"}}
{"timestamp":"2025-05-09 18:37:37.537","level":"info","message":"  - Permission Seeding: \u001b[33mSKIPPED\u001b[39m - (0.00s)","isEncrypted":false,"traceId":"qHYcmL5uqp9x6BvpDGjlB","route":"general","service":"initialization","metadata":{"step":"Permission Seeding","status":"skipped","duration":"0.00","traceId":"WemYqr_2tXH__0l3q5_Xu"}}
{"timestamp":"2025-05-09 18:37:37.540","level":"info","message":"  - Super Admin Seeding: \u001b[33mSKIPPED\u001b[39m - (0.00s)","isEncrypted":false,"traceId":"6WXtxPcQtZNkLzZl1TH_J","route":"general","service":"initialization","metadata":{"step":"Super Admin Seeding","status":"skipped","duration":"0.00","traceId":"bFWHNovjRnb-XITyuF0Fk"}}
{"timestamp":"2025-05-09 18:37:37.542","level":"info","message":"  - Socket Initialization: \u001b[32mSUCCESS\u001b[39m - (0.01s)","isEncrypted":false,"traceId":"CJawQbn8-Mlj4w9-TBGX4","route":"general","service":"initialization","metadata":{"step":"Socket Initialization","status":"success","duration":"0.01","traceId":"2MuWPS3ikMdZaxiLB_YxG"}}
{"timestamp":"2025-05-09 18:37:37.544","level":"info","message":"  - Server Initialization: \u001b[32mSUCCESS\u001b[39m - (0.01s)","isEncrypted":false,"traceId":"YlCv_YWpNEuxvzj-8oLLt","route":"general","service":"initialization","metadata":{"step":"Server Initialization","status":"success","duration":"0.01","traceId":"ykS405eAPRKOpVvO3gk9J"}}
{"timestamp":"2025-05-09 18:37:37.544","level":"info","message":"Total Steps: 13","isEncrypted":false,"traceId":"90R0mvFafm3UDR7J7GZrr","route":"general","service":"initialization","metadata":{"traceId":"bcXnPvnabDV7e_rSpByMC"}}
{"timestamp":"2025-05-09 18:37:37.544","level":"info","message":"Successes: 8","isEncrypted":false,"traceId":"ikaHJv6lEXsF-58H0DxVM","route":"general","service":"initialization","metadata":{"traceId":"vuScj-RnV3-GGjBB0yOo1"}}
{"timestamp":"2025-05-09 18:37:37.545","level":"info","message":"Skipped: 5","isEncrypted":false,"traceId":"dy4fV7yKv7usaYbAAE3pW","route":"general","service":"initialization","metadata":{"traceId":"5MIoGJkP5jnJhpehMPGTz"}}
{"timestamp":"2025-05-09 18:37:37.545","level":"info","message":"Failures: 0","isEncrypted":false,"traceId":"fajTZqM68k2xMB7I_cwKK","route":"general","service":"initialization","metadata":{"traceId":"pFtG-8JptrY74eSUCTKXr"}}
{"timestamp":"2025-05-09 18:37:37.545","level":"info","message":"Total Duration: 1.41 seconds","isEncrypted":false,"traceId":"rFTSkHDbAcenh9hMcxIsY","route":"general","service":"initialization","metadata":{"traceId":"a06B6CSbMs6EMxvHVHji4"}}
{"timestamp":"2025-05-09 18:37:37.545","level":"info","message":"Super Admin Credentials: Email: superadmin@example.com, Password: SuperSecurePassword123!","isEncrypted":false,"traceId":"w_FF2lkWjav6Df1R_TnWh","route":"general","service":"initialization","metadata":{"sensitive":true,"traceId":"JS60_tjwJxEVhtihK9C4-"}}
{"timestamp":"2025-05-09 18:37:37.566","level":"info","message":"HTTP Server running on port 5000","isEncrypted":false,"traceId":"xCHp9OPMliyCGNMHFGmmt","route":"general","service":"default","metadata":{"traceId":"FGsQ2ECr28t-P2nWHaa8B"}}
{"timestamp":"2025-05-09 18:40:58.084","level":"info","message":"SMTP server verified successfully","isEncrypted":false,"traceId":"saLsqbbxqPKU9ZhLVDIYf","route":"general","service":"default","metadata":{"traceId":"d8Zypxs__RhjYmr_smeXQ"}}
{"timestamp":"2025-05-09 18:40:58.097","level":"info","message":"SMTP server verified successfully","isEncrypted":false,"traceId":"vdbwmmIJXCeQV0Jf1lyUN","route":"general","service":"default","metadata":{"traceId":"5FuNKveDBeKPhosPZ2_4P"}}
{"timestamp":"2025-05-09 18:40:58.242","level":"info","message":"mDNS advertisement skipped in development mode","isEncrypted":false,"traceId":"Og7ckgnFfx6s19C7B1Y0b","route":"general","service":"default","metadata":{"traceId":"sYUzZmukW-mUBXcmu8W3A"}}
{"timestamp":"2025-05-09 18:40:58.249","level":"info","message":"HTTP Server running on port 5000","isEncrypted":false,"traceId":"z2tyX_GKAltVSOPq-cqzS","route":"general","service":"default","metadata":{"traceId":"hh-LICL52KeriK6_gBl7S"}}
{"timestamp":"2025-05-09 18:42:00.289","level":"info","message":"SMTP server verified successfully","isEncrypted":false,"traceId":"F0dg6eDjk20Ff57J_UqSy","route":"general","service":"default","metadata":{"traceId":"Q1YZmEfusTZnK9kh6roOp"}}
{"timestamp":"2025-05-09 18:42:00.295","level":"info","message":"SMTP server verified successfully","isEncrypted":false,"traceId":"1whsaqg4B_LgFuQAvQCPC","route":"general","service":"default","metadata":{"traceId":"st7-X4AogWH9RepZCtNbp"}}
{"timestamp":"2025-05-09 18:42:30.600","level":"info","message":"mDNS advertisement skipped in development mode","isEncrypted":false,"traceId":"sAM1b42CnekQrwAPPCrd_","route":"general","service":"default","metadata":{"traceId":"JHGfCce086DZLNGiOfNr9"}}
{"timestamp":"2025-05-09 18:42:30.602","level":"info","message":"mDNS advertisement skipped in development mode","isEncrypted":false,"traceId":"3DDeefv1g5q1SQOQe2c9d","route":"general","service":"default","metadata":{"traceId":"Lhp0waExxQaNvWSGs2L_H"}}
{"timestamp":"2025-05-09 18:42:48.690","level":"info","message":"SMTP server verified successfully","isEncrypted":false,"traceId":"mFpI1KaRc-m31DqFUkGte","route":"general","service":"default","metadata":{"traceId":"IEOl-Icnw1jFi-mh7M3Uj"}}
{"timestamp":"2025-05-09 18:42:48.704","level":"info","message":"SMTP server verified successfully","isEncrypted":false,"traceId":"32baY2BA4NuXzqXIH5mr4","route":"general","service":"default","metadata":{"traceId":"O6KHCWIAu446OfhbYYiJ7"}}
{"timestamp":"2025-05-09 18:42:48.839","level":"info","message":"mDNS advertisement skipped in development mode","isEncrypted":false,"traceId":"aZt3ugBfpLEKfoovVGSJ7","route":"general","service":"default","metadata":{"traceId":"UmbCa_GdeHSaxkiHfYlYj"}}
{"timestamp":"2025-05-09 18:42:48.846","level":"info","message":"HTTP Server running on port 5000","isEncrypted":false,"traceId":"NjsrcagIZ5sAhs-9dDZZb","route":"general","service":"default","metadata":{"traceId":"fMCIx3fhB-eZp-m8xO1ab"}}
{"timestamp":"2025-05-09 18:44:31.075","level":"info","message":"SMTP server verified successfully","isEncrypted":false,"traceId":"GniEJkaFrghqfwCYGY4-L","route":"general","service":"default","metadata":{"traceId":"vJ1C3t_mkZedjrWUN2QQE"}}
{"timestamp":"2025-05-09 18:44:31.086","level":"info","message":"SMTP server verified successfully","isEncrypted":false,"traceId":"reGzDouhc6am1608JIUCL","route":"general","service":"default","metadata":{"traceId":"AjvLlKHMNJ12PjD8Z9h0n"}}
{"timestamp":"2025-05-09 18:49:38.016","level":"info","message":"SMTP server verified successfully","isEncrypted":false,"traceId":"IqlkKavIIXQ629cp0ifJ8","route":"general","service":"default","metadata":{"traceId":"WFnTr2mZSjSdpJ2f-_AeN"}}
{"timestamp":"2025-05-09 18:50:21.481","level":"info","message":"mDNS advertisement skipped in development mode","isEncrypted":false,"traceId":"pIwLYYvDSE72pf274wYW0","route":"general","service":"default","metadata":{"traceId":"w8SJ0kGPNfIYSt_BNmBs-"}}
{"timestamp":"2025-05-09 18:50:21.490","level":"info","message":"HTTP Server running on port 5000","isEncrypted":false,"traceId":"V_hB0Y4I0rtbuRf-sAJt9","route":"general","service":"default","metadata":{"traceId":"EYAka5UmALW81ilani6Bl"}}
{"timestamp":"2025-05-09 18:50:45.436","level":"info","message":"SMTP server verified successfully","isEncrypted":false,"traceId":"vmmyXlXzhoWKBpfAkS32S","route":"general","service":"default","metadata":{"traceId":"0IiZXxCGC-4nv1ZAbEwL3"}}
{"timestamp":"2025-05-09 18:50:45.561","level":"info","message":"mDNS advertisement skipped in development mode","isEncrypted":false,"traceId":"7MO9aG8pAPRPBH0In0h2c","route":"general","service":"default","metadata":{"traceId":"HHuEe5zY1BCgxqgbYK3vW"}}
{"timestamp":"2025-05-09 18:50:45.570","level":"info","message":"HTTP Server running on port 5000","isEncrypted":false,"traceId":"edC_dkSe8sYoGB1GSDGHc","route":"general","service":"default","metadata":{"traceId":"hhaRZOMHkdObw2cWduaI7"}}
{"timestamp":"2025-05-09 18:51:41.430","level":"info","message":"SMTP server verified successfully","isEncrypted":false,"traceId":"HLzK6zrvfzvQBp7vL7uX7","route":"general","service":"default","metadata":{"traceId":"YEU53mJwHjf5N1_GLLRt1"}}
{"timestamp":"2025-05-09 18:51:41.559","level":"info","message":"mDNS advertisement skipped in development mode","isEncrypted":false,"traceId":"QrmtwT0DfOe33oDSWoATn","route":"general","service":"default","metadata":{"traceId":"Ni9vUldWusmDBldtmYfHc"}}
{"timestamp":"2025-05-09 18:51:41.568","level":"info","message":"HTTP Server running on port 5000","isEncrypted":false,"traceId":"AAFkCYiPMDnj0U_zfGNMJ","route":"general","service":"default","metadata":{"traceId":"VwfKdSzDEHr3cy7-EaVES"}}
{"timestamp":"2025-05-09 18:52:04.271","level":"info","message":"SMTP server verified successfully","isEncrypted":false,"traceId":"cSz2RmWR6JK5TD8p11Qav","route":"general","service":"default","metadata":{"traceId":"B5j51xZBGUN1-31UFXCCY"}}
{"timestamp":"2025-05-09 18:52:57.927","level":"info","message":"mDNS advertisement skipped in development mode","isEncrypted":false,"traceId":"n1cQOuNnPfiv5GGM0616F","route":"general","service":"default","metadata":{"traceId":"oyGF_2ecW6cy8QUPw87dh"}}
{"timestamp":"2025-05-09 18:52:57.945","level":"info","message":"HTTP Server running on port 5000","isEncrypted":false,"traceId":"Ra1qKPEPPQFLzOoFJ722I","route":"general","service":"default","metadata":{"traceId":"mnKqbatSi9cVv6j9mxd34"}}
{"timestamp":"2025-05-09 18:53:59.991","level":"info","message":"SMTP server verified successfully","isEncrypted":false,"traceId":"CIgpo4VsNQl5UEFs1q5Lr","route":"general","service":"default","metadata":{"traceId":"LKRX6phmgd_E8O5pbEW5_"}}
{"timestamp":"2025-05-09 18:55:14.700","level":"info","message":"SMTP server verified successfully","isEncrypted":false,"traceId":"-D5YBJuYkiEQ8EU5rxHRz","route":"general","service":"default","metadata":{"traceId":"wO-pZvH2sqy8A5iGFW_ij"}}
{"timestamp":"2025-05-09 18:55:25.025","level":"info","message":"mDNS advertisement skipped in development mode","isEncrypted":false,"traceId":"DPruJ6D4rPAeTS6XyH4C_","route":"general","service":"default","metadata":{"traceId":"r2U_bRqxNTCxxGGxV7lQw"}}
{"timestamp":"2025-05-09 18:55:25.031","level":"info","message":"HTTP Server running on port 5000","isEncrypted":false,"traceId":"FCPZT5xogKWWGK6z8qHr7","route":"general","service":"default","metadata":{"traceId":"1-oci2Ik1iM53eU67Mw-6"}}
{"timestamp":"2025-05-09 18:57:14.243","level":"info","message":"SMTP server verified successfully","isEncrypted":false,"traceId":"y71D4gsWR0CQwNkvUeOoc","route":"general","service":"default","metadata":{"traceId":"HnsU6GCkpsX-Zz5Fbqrno"}}
{"timestamp":"2025-05-09 18:57:48.793","level":"info","message":"mDNS advertisement skipped in development mode","isEncrypted":false,"traceId":"gRoMdw9I36lfPj1dAaGdk","route":"general","service":"default","metadata":{"traceId":"NVa3nYRKjItj3gHcG6ldc"}}
{"timestamp":"2025-05-09 18:57:48.800","level":"info","message":"HTTP Server running on port 5000","isEncrypted":false,"traceId":"C6YaXsPfosaliI6IXjcTD","route":"general","service":"default","metadata":{"traceId":"9uJeoBA22EMZYFpBRSXMO"}}
{"timestamp":"2025-05-09 19:00:01.066","level":"info","message":"Cleaned up 0 expired OTPs","isEncrypted":false,"traceId":"Al-0O7Q66oLeuk_Ce8p4k","route":"general","service":"default","metadata":{"traceId":"46J3flB-5A6LK_Cp0NYEY"}}
