{"environment":"development","level":"info","message":"Starting server initialization","timestamp":"2025-04-28T14:59:49.492Z","totalSteps":8}
{"level":"info","message":"Initiating step 1/8: Database Connection","progress":"0.0%","stepWeight":20,"timestamp":"2025-04-28T14:59:49.496Z"}
{"level":"info","message":"Executing Database Connection...","timestamp":"2025-04-28T14:59:49.497Z"}
{"duration":"0.49s","level":"info","message":"Completed Database Connection","progress":"20.0%","timestamp":"2025-04-28T14:59:49.991Z"}
{"level":"info","message":"Initiating step 2/8: SMTP Service","progress":"20.0%","stepWeight":10,"timestamp":"2025-04-28T14:59:49.991Z"}
{"level":"info","message":"Executing SMTP Service...","timestamp":"2025-04-28T14:59:49.992Z"}
{"duration":"0.61s","level":"info","message":"Completed SMTP Service","progress":"30.0%","timestamp":"2025-04-28T14:59:50.603Z"}
{"level":"info","message":"Initiating step 3/8: SMS Service","progress":"30.0%","stepWeight":10,"timestamp":"2025-04-28T14:59:50.603Z"}
{"level":"info","message":"Executing SMS Service...","timestamp":"2025-04-28T14:59:50.603Z"}
{"duration":"0.00s","level":"info","message":"Completed SMS Service","progress":"40.0%","timestamp":"2025-04-28T14:59:50.604Z"}
{"level":"info","message":"Initiating step 4/8: Model Associations","progress":"40.0%","stepWeight":10,"timestamp":"2025-04-28T14:59:50.604Z"}
{"level":"info","message":"Executing Model Associations...","timestamp":"2025-04-28T14:59:50.604Z"}
{"duration":"0.02s","level":"info","message":"Completed Model Associations","progress":"50.0%","timestamp":"2025-04-28T14:59:50.628Z"}
{"level":"info","message":"Initiating step 5/8: Database Migration","progress":"50.0%","stepWeight":20,"timestamp":"2025-04-28T14:59:50.629Z"}
{"level":"info","message":"Executing Database Migration...","timestamp":"2025-04-28T14:59:50.630Z"}
{"duration":"29.68s","level":"info","message":"Completed Database Migration","progress":"70.0%","timestamp":"2025-04-28T15:00:20.309Z"}
{"level":"info","message":"Initiating step 6/8: Permissions Seeding","progress":"70.0%","stepWeight":15,"timestamp":"2025-04-28T15:00:20.310Z"}
{"level":"warn","message":"Step skipped: Permissions Seeding","timestamp":"2025-04-28T15:00:27.998Z"}
{"level":"info","message":"Initiating step 7/8: Super Admin Seeding","progress":"70.0%","stepWeight":10,"timestamp":"2025-04-28T15:00:27.999Z"}
{"level":"warn","message":"Step skipped: Super Admin Seeding","timestamp":"2025-04-28T15:00:37.157Z"}
{"level":"info","message":"Initiating step 8/8: Server Startup","progress":"70.0%","stepWeight":5,"timestamp":"2025-04-28T15:00:37.157Z"}
{"level":"info","message":"Executing Server Startup...","timestamp":"2025-04-28T15:00:37.158Z"}
{"duration":"0.00s","level":"info","message":"Completed Server Startup","progress":"75.0%","timestamp":"2025-04-28T15:00:37.160Z"}
{"date":"2025-04-28T15:00:37.161Z","failures":0,"level":"info","message":"Initialization Summary","skipped":2,"successes":6,"timestamp":"2025-04-28T15:00:37.161Z","totalDuration":"47.67s","totalSteps":8}
{"duration":"0.49s","level":"info","message":"Database Connection: Success Completed successfully","timestamp":"2025-04-28T15:00:37.161Z"}
{"duration":"0.61s","level":"info","message":"SMTP Service: Success Completed successfully","timestamp":"2025-04-28T15:00:37.161Z"}
{"duration":"0.00s","level":"info","message":"SMS Service: Success Completed successfully","timestamp":"2025-04-28T15:00:37.161Z"}
{"duration":"0.02s","level":"info","message":"Model Associations: Success Completed successfully","timestamp":"2025-04-28T15:00:37.161Z"}
{"duration":"29.68s","level":"info","message":"Database Migration: Success Completed successfully","timestamp":"2025-04-28T15:00:37.161Z"}
{"duration":"0s","level":"info","message":"Permissions Seeding: Skipped Skipped by user","timestamp":"2025-04-28T15:00:37.162Z"}
{"duration":"0s","level":"info","message":"Super Admin Seeding: Skipped Skipped by user","timestamp":"2025-04-28T15:00:37.162Z"}
{"duration":"0.00s","level":"info","message":"Server Startup: Success Completed successfully","timestamp":"2025-04-28T15:00:37.162Z"}
{"level":"info","message":"Initialization completed with skipped steps","timestamp":"2025-04-28T15:00:37.162Z"}
