{"duration":"59.30s","level":"info","message":"Step completed: Database Initialization","percentage":"13%","timestamp":"2025-04-28T15:20:16.504Z"}
{"level":"info","message":"SMTP server verified successfully","timestamp":"2025-04-28T15:20:25.132Z"}
{"duration":"8.62s","level":"info","message":"Step completed: SMTP Initialization","percentage":"25%","timestamp":"2025-04-28T15:20:25.133Z"}
{"level":"info","message":"SMS gateway initialized","timestamp":"2025-04-28T15:20:28.169Z"}
{"duration":"3.04s","level":"info","message":"Step completed: SMS Initialization","percentage":"38%","timestamp":"2025-04-28T15:20:28.170Z"}
{"duration":"1.92s","level":"info","message":"Step completed: Model Associations","percentage":"50%","timestamp":"2025-04-28T15:20:30.095Z"}
{"duration":"36.72s","level":"info","message":"Step completed: Database Synchronization","percentage":"63%","timestamp":"2025-04-28T15:21:06.820Z"}
{"level":"info","message":"Step skipped: Permission Seeding","timestamp":"2025-04-28T15:21:16.673Z"}
{"level":"info","message":"Step skipped: Super Admin Seeding","timestamp":"2025-04-28T15:21:18.032Z"}
{"level":"info","message":"Step skipped: Server Initialization","timestamp":"2025-04-28T15:21:28.150Z"}
{"date":"2025-04-28T15:21:28.151Z","duration":"130.95s","failures":0,"level":"info","message":"\u001b[36m========== TraceFlow Initialization Summary ========\u001b[0m","skipped":3,"successes":5,"timestamp":"2025-04-28T15:21:28.151Z","totalSteps":8}
{"level":"info","message":"Steps Completed:","timestamp":"2025-04-28T15:21:28.152Z"}
{"level":"info","message":"  - Database Initialization: \u001b[32mSuccess\u001b[0m - Completed successfully (59.30s)","timestamp":"2025-04-28T15:21:28.152Z"}
{"level":"info","message":"  - SMTP Initialization: \u001b[32mSuccess\u001b[0m - Completed successfully (8.62s)","timestamp":"2025-04-28T15:21:28.152Z"}
{"level":"info","message":"  - SMS Initialization: \u001b[32mSuccess\u001b[0m - Completed successfully (3.04s)","timestamp":"2025-04-28T15:21:28.152Z"}
{"level":"info","message":"  - Model Associations: \u001b[32mSuccess\u001b[0m - Completed successfully (1.92s)","timestamp":"2025-04-28T15:21:28.153Z"}
{"level":"info","message":"  - Database Synchronization: \u001b[32mSuccess\u001b[0m - Completed successfully (36.72s)","timestamp":"2025-04-28T15:21:28.153Z"}
{"level":"info","message":"  - Permission Seeding: \u001b[33mSkipped\u001b[0m - User skipped (0s)","timestamp":"2025-04-28T15:21:28.153Z"}
{"level":"info","message":"  - Super Admin Seeding: \u001b[33mSkipped\u001b[0m - User skipped (0s)","timestamp":"2025-04-28T15:21:28.153Z"}
{"level":"info","message":"  - Server Initialization: \u001b[33mSkipped\u001b[0m - User skipped (0s)","timestamp":"2025-04-28T15:21:28.153Z"}
{"level":"info","message":"Total Steps: 8","timestamp":"2025-04-28T15:21:28.154Z"}
{"level":"info","message":"\u001b[33mSuccesses: 5\u001b[0m","timestamp":"2025-04-28T15:21:28.154Z"}
{"level":"info","message":"\u001b[31mFailures: 0\u001b[0m","timestamp":"2025-04-28T15:21:28.154Z"}
{"level":"info","message":"\u001b[33mSkipped: 3\u001b[0m","timestamp":"2025-04-28T15:21:28.154Z"}
{"level":"info","message":"Duration: 130.95 seconds","timestamp":"2025-04-28T15:21:28.154Z"}
{"level":"info","message":"\u001b[36m====================================================\u001b[0m\n","timestamp":"2025-04-28T15:21:28.154Z"}
{"level":"info","message":"Database Initialization: Starting","step":"database","timestamp":"2025-04-28T15:30:17.727Z"}
{"duration":"5.88","level":"info","message":"Database Initialization: Completed","status":"success","step":"database","timestamp":"2025-04-28T15:30:19.939Z"}
{"level":"info","message":"SMTP Initialization: Starting","step":"smtp","timestamp":"2025-04-28T15:30:24.961Z"}
{"level":"info","message":"SMTP server verified successfully","timestamp":"2025-04-28T15:30:25.514Z"}
{"duration":"7.22","level":"info","message":"SMTP Initialization: Completed","status":"success","step":"smtp","timestamp":"2025-04-28T15:30:27.167Z"}
{"level":"info","message":"SMS Initialization: Starting","step":"sms","timestamp":"2025-04-28T15:30:32.840Z"}
{"level":"info","message":"SMS gateway initialized","timestamp":"2025-04-28T15:30:32.841Z"}
{"duration":"7.88","level":"info","message":"SMS Initialization: Completed","status":"success","step":"sms","timestamp":"2025-04-28T15:30:35.048Z"}
{"level":"info","message":"Model Associations: Starting","step":"associations","timestamp":"2025-04-28T15:30:38.583Z"}
{"duration":"5.74","level":"info","message":"Model Associations: Completed","status":"success","step":"associations","timestamp":"2025-04-28T15:30:40.793Z"}
{"level":"info","message":"Database Synchronization: Skipped","status":"skipped","step":"sync","timestamp":"2025-04-28T15:30:42.770Z"}
{"level":"info","message":"Permission Seeding: Skipped","status":"skipped","step":"permissions","timestamp":"2025-04-28T15:30:44.974Z"}
{"level":"info","message":"Super Admin Seeding: Skipped","status":"skipped","step":"superadmin","timestamp":"2025-04-28T15:30:51.847Z"}
{"level":"info","message":"Server Initialization: Skipped","status":"skipped","step":"server","timestamp":"2025-04-28T15:30:53.456Z"}
{"level":"info","message":"\u001b[36m========== TraceFlow Initialization Summary ========\u001b[39m","timestamp":"2025-04-28T15:30:53.457Z"}
{"level":"info","message":"Date: 2025-04-28T15:30:53.457Z","timestamp":"2025-04-28T15:30:53.457Z"}
{"level":"info","message":"Steps Completed:","timestamp":"2025-04-28T15:30:53.457Z"}
{"duration":"5.89","level":"info","message":"  - Database Initialization: \u001b[32mSUCCESS\u001b[39m - Completed successfully (5.89s) Completed successfully","status":"success","step":"Database Initialization","timestamp":"2025-04-28T15:30:53.458Z"}
{"duration":"7.23","level":"info","message":"  - SMTP Initialization: \u001b[32mSUCCESS\u001b[39m - Completed successfully (7.23s) Completed successfully","status":"success","step":"SMTP Initialization","timestamp":"2025-04-28T15:30:53.458Z"}
{"duration":"7.88","level":"info","message":"  - SMS Initialization: \u001b[32mSUCCESS\u001b[39m - Completed successfully (7.88s) Completed successfully","status":"success","step":"SMS Initialization","timestamp":"2025-04-28T15:30:53.458Z"}
{"duration":"5.74","level":"info","message":"  - Model Associations: \u001b[32mSUCCESS\u001b[39m - Completed successfully (5.74s) Completed successfully","status":"success","step":"Model Associations","timestamp":"2025-04-28T15:30:53.459Z"}
{"duration":"1.98","level":"info","message":"  - Database Synchronization: \u001b[33mSKIPPED\u001b[39m - Skipped by user (1.98s) Skipped by user","status":"skipped","step":"Database Synchronization","timestamp":"2025-04-28T15:30:53.459Z"}
{"duration":"2.20","level":"info","message":"  - Permission Seeding: \u001b[33mSKIPPED\u001b[39m - Skipped by user (2.20s) Skipped by user","status":"skipped","step":"Permission Seeding","timestamp":"2025-04-28T15:30:53.459Z"}
{"duration":"6.87","level":"info","message":"  - Super Admin Seeding: \u001b[33mSKIPPED\u001b[39m - Skipped by user (6.87s) Skipped by user","status":"skipped","step":"Super Admin Seeding","timestamp":"2025-04-28T15:30:53.459Z"}
{"duration":"1.61","level":"info","message":"  - Server Initialization: \u001b[33mSKIPPED\u001b[39m - Skipped by user (1.61s) Skipped by user","status":"skipped","step":"Server Initialization","timestamp":"2025-04-28T15:30:53.460Z"}
{"level":"info","message":"Total Steps: 8","timestamp":"2025-04-28T15:30:53.460Z"}
{"level":"info","message":"\u001b[32mSuccesses: 4\u001b[39m","timestamp":"2025-04-28T15:30:53.460Z"}
{"level":"info","message":"\u001b[33mSkipped: 4\u001b[39m","timestamp":"2025-04-28T15:30:53.460Z"}
{"level":"info","message":"\u001b[31mFailures: 0\u001b[39m","timestamp":"2025-04-28T15:30:53.460Z"}
{"level":"info","message":"Total Duration: 57.07 seconds","timestamp":"2025-04-28T15:30:53.460Z"}
{"level":"info","message":"\u001b[36m===================================================\u001b[39m","timestamp":"2025-04-28T15:30:53.461Z"}
{"level":"info","message":"Database Initialization: Starting","step":"database","timestamp":"2025-04-28T15:32:56.352Z"}
{"duration":"2.21","level":"info","message":"Database Initialization: Completed","status":"success","step":"database","timestamp":"2025-04-28T15:32:58.564Z"}
{"level":"info","message":"SMTP Initialization: Starting","step":"smtp","timestamp":"2025-04-28T15:32:58.566Z"}
{"level":"info","message":"SMTP server verified successfully","timestamp":"2025-04-28T15:32:59.162Z"}
{"duration":"2.21","level":"info","message":"SMTP Initialization: Completed","status":"success","step":"smtp","timestamp":"2025-04-28T15:33:00.777Z"}
{"level":"info","message":"SMS Initialization: Starting","step":"sms","timestamp":"2025-04-28T15:33:00.779Z"}
{"level":"info","message":"SMS gateway initialized","timestamp":"2025-04-28T15:33:00.781Z"}
{"duration":"2.21","level":"info","message":"SMS Initialization: Completed","status":"success","step":"sms","timestamp":"2025-04-28T15:33:02.990Z"}
{"level":"info","message":"Model Associations: Starting","step":"associations","timestamp":"2025-04-28T15:33:02.992Z"}
{"duration":"2.21","level":"info","message":"Model Associations: Completed","status":"success","step":"associations","timestamp":"2025-04-28T15:33:05.201Z"}
{"level":"info","message":"Database Synchronization: Starting","step":"sync","timestamp":"2025-04-28T15:33:05.202Z"}
{"duration":"34.53","level":"info","message":"Database Synchronization: Completed","status":"success","step":"sync","timestamp":"2025-04-28T15:33:39.731Z"}
{"level":"info","message":"Permission Seeding: Skipped","status":"skipped","step":"permissions","timestamp":"2025-04-28T15:33:39.734Z"}
{"level":"info","message":"Super Admin Seeding: Skipped","status":"skipped","step":"superadmin","timestamp":"2025-04-28T15:33:39.735Z"}
{"level":"info","message":"Server Initialization: Starting","step":"server","timestamp":"2025-04-28T15:33:39.736Z"}
{"level":"info","message":"2025-04-28T15:33:39.740Z - mDNS advertisement skipped in development mode","timestamp":"2025-04-28T15:33:39.740Z"}
{"level":"info","message":"2025-04-28T15:33:39.746Z - HTTP Server running on port 5000","timestamp":"2025-04-28T15:33:39.746Z"}
{"duration":"2.21","level":"info","message":"Server Initialization: Completed","status":"success","step":"server","timestamp":"2025-04-28T15:33:41.943Z"}
{"level":"info","message":"\u001b[36m========== TraceFlow Initialization Summary ========\u001b[39m","timestamp":"2025-04-28T15:33:41.945Z"}
{"level":"info","message":"Date: 2025-04-28T15:33:41.945Z","timestamp":"2025-04-28T15:33:41.945Z"}
{"level":"info","message":"Steps Completed:","timestamp":"2025-04-28T15:33:41.945Z"}
{"duration":"2.21","level":"info","message":"  - Database Initialization: \u001b[32mSUCCESS\u001b[39m - Completed successfully (2.21s) Completed successfully","status":"success","step":"Database Initialization","timestamp":"2025-04-28T15:33:41.946Z"}
{"duration":"2.21","level":"info","message":"  - SMTP Initialization: \u001b[32mSUCCESS\u001b[39m - Completed successfully (2.21s) Completed successfully","status":"success","step":"SMTP Initialization","timestamp":"2025-04-28T15:33:41.946Z"}
{"duration":"2.21","level":"info","message":"  - SMS Initialization: \u001b[32mSUCCESS\u001b[39m - Completed successfully (2.21s) Completed successfully","status":"success","step":"SMS Initialization","timestamp":"2025-04-28T15:33:41.946Z"}
{"duration":"2.21","level":"info","message":"  - Model Associations: \u001b[32mSUCCESS\u001b[39m - Completed successfully (2.21s) Completed successfully","status":"success","step":"Model Associations","timestamp":"2025-04-28T15:33:41.946Z"}
{"duration":"34.53","level":"info","message":"  - Database Synchronization: \u001b[32mSUCCESS\u001b[39m - Completed successfully (34.53s) Completed successfully","status":"success","step":"Database Synchronization","timestamp":"2025-04-28T15:33:41.947Z"}
{"duration":"0.00","level":"info","message":"  - Permission Seeding: \u001b[33mSKIPPED\u001b[39m - Skipped by user (0.00s) Skipped by user","status":"skipped","step":"Permission Seeding","timestamp":"2025-04-28T15:33:41.947Z"}
{"duration":"0.00","level":"info","message":"  - Super Admin Seeding: \u001b[33mSKIPPED\u001b[39m - Skipped by user (0.00s) Skipped by user","status":"skipped","step":"Super Admin Seeding","timestamp":"2025-04-28T15:33:41.947Z"}
{"duration":"2.21","level":"info","message":"  - Server Initialization: \u001b[32mSUCCESS\u001b[39m - Completed successfully (2.21s) Completed successfully","status":"success","step":"Server Initialization","timestamp":"2025-04-28T15:33:41.947Z"}
{"level":"info","message":"Total Steps: 8","timestamp":"2025-04-28T15:33:41.947Z"}
{"level":"info","message":"\u001b[32mSuccesses: 6\u001b[39m","timestamp":"2025-04-28T15:33:41.948Z"}
{"level":"info","message":"\u001b[33mSkipped: 2\u001b[39m","timestamp":"2025-04-28T15:33:41.948Z"}
{"level":"info","message":"\u001b[31mFailures: 0\u001b[39m","timestamp":"2025-04-28T15:33:41.948Z"}
{"level":"info","message":"Total Duration: 52.66 seconds","timestamp":"2025-04-28T15:33:41.949Z"}
{"level":"info","message":"\u001b[36m===================================================\u001b[39m","timestamp":"2025-04-28T15:33:41.949Z"}
{"level":"info","message":"Database Initialization: \u001b[36mStarting\u001b[39m","status":"starting","step":"database","timestamp":"2025-04-28T15:36:02.047Z"}
{"duration":"7.25","level":"info","message":"Database Initialization: \u001b[32mCompleted\u001b[39m","status":"success","step":"database","timestamp":"2025-04-28T15:36:04.173Z"}
{"level":"info","message":"SMTP Initialization: \u001b[36mStarting\u001b[39m","status":"starting","step":"smtp","timestamp":"2025-04-28T15:36:06.120Z"}
{"level":"info","message":"SMTP server verified successfully","timestamp":"2025-04-28T15:36:06.815Z"}
{"duration":"4.07","level":"info","message":"SMTP Initialization: \u001b[32mCompleted\u001b[39m","status":"success","step":"smtp","timestamp":"2025-04-28T15:36:08.239Z"}
{"level":"info","message":"SMS Initialization: \u001b[36mStarting\u001b[39m","status":"starting","step":"sms","timestamp":"2025-04-28T15:36:09.824Z"}
{"level":"info","message":"SMS gateway initialized","timestamp":"2025-04-28T15:36:09.825Z"}
{"duration":"3.71","level":"info","message":"SMS Initialization: \u001b[32mCompleted\u001b[39m","status":"success","step":"sms","timestamp":"2025-04-28T15:36:11.948Z"}
{"level":"info","message":"Model Associations: \u001b[36mStarting\u001b[39m","status":"starting","step":"associations","timestamp":"2025-04-28T15:36:18.961Z"}
{"duration":"9.13","level":"info","message":"Model Associations: \u001b[32mCompleted\u001b[39m","status":"success","step":"associations","timestamp":"2025-04-28T15:36:21.081Z"}
{"level":"info","message":"Database Synchronization: \u001b[33mSkipped\u001b[39m","status":"skipped","step":"sync","timestamp":"2025-04-28T15:36:21.751Z"}
{"level":"info","message":"Permission Seeding: \u001b[33mSkipped\u001b[39m","status":"skipped","step":"permissions","timestamp":"2025-04-28T15:36:28.110Z"}
{"level":"info","message":"Super Admin Seeding: \u001b[33mSkipped\u001b[39m","status":"skipped","step":"superadmin","timestamp":"2025-04-28T15:38:16.009Z"}
{"level":"info","message":"Server Initialization: \u001b[36mStarting\u001b[39m","status":"starting","step":"server","timestamp":"2025-04-28T15:38:20.316Z"}
{"level":"info","message":"2025-04-28T15:38:20.319Z - mDNS advertisement skipped in development mode","timestamp":"2025-04-28T15:38:20.319Z"}
{"level":"info","message":"2025-04-28T15:38:20.323Z - HTTP Server running on port 5000","timestamp":"2025-04-28T15:38:20.323Z"}
{"duration":"6.42","level":"info","message":"Server Initialization: \u001b[32mCompleted\u001b[39m","status":"success","step":"server","timestamp":"2025-04-28T15:38:22.434Z"}
{"level":"info","message":"Database Initialization: \u001b[36mStarting\u001b[39m","status":"starting","step":"database","timestamp":"2025-04-28T15:41:30.793Z"}
{"duration":"11.19","level":"info","message":"Database Initialization: \u001b[32mCompleted\u001b[39m","status":"success","step":"database","timestamp":"2025-04-28T15:41:32.922Z"}
{"level":"info","message":"Database Initialization: \u001b[36mStarting\u001b[39m","status":"starting","step":"database","timestamp":"2025-04-28T15:44:03.351Z"}
{"duration":"11.20","level":"info","message":"Database Initialization: \u001b[32mCompleted\u001b[39m","status":"success","step":"database","timestamp":"2025-04-28T15:44:05.478Z"}
{"level":"info","message":"SMTP Initialization: \u001b[33mSkipped\u001b[39m","status":"skipped","step":"smtp","timestamp":"2025-04-28T15:44:08.088Z"}
{"level":"info","message":"SMS Initialization: \u001b[33mSkipped\u001b[39m","status":"skipped","step":"sms","timestamp":"2025-04-28T15:44:09.094Z"}
{"level":"info","message":"Model Associations: \u001b[33mSkipped\u001b[39m","status":"skipped","step":"associations","timestamp":"2025-04-28T15:44:09.533Z"}
{"level":"info","message":"Database Synchronization: \u001b[33mSkipped\u001b[39m","status":"skipped","step":"sync","timestamp":"2025-04-28T15:44:09.944Z"}
{"level":"info","message":"Permission Seeding: \u001b[33mSkipped\u001b[39m","status":"skipped","step":"permissions","timestamp":"2025-04-28T15:44:10.582Z"}
{"level":"info","message":"Super Admin Seeding: \u001b[33mSkipped\u001b[39m","status":"skipped","step":"superadmin","timestamp":"2025-04-28T15:44:10.998Z"}
{"level":"info","message":"Server Initialization: \u001b[33mSkipped\u001b[39m","status":"skipped","step":"server","timestamp":"2025-04-28T15:44:11.395Z"}
{"level":"info","message":"Database Initialization: \u001b[36mStarting\u001b[39m","status":"starting","step":"database","timestamp":"2025-04-28T15:47:05.744Z"}
{"duration":"10.82","level":"info","message":"Database Initialization: \u001b[32mCompleted\u001b[39m","status":"success","step":"database","timestamp":"2025-04-28T15:47:07.870Z"}
{"level":"info","message":"Database Initialization: \u001b[33mSkipped\u001b[39m","status":"skipped","step":"database","timestamp":"2025-04-28T15:49:07.739Z"}
{"level":"info","message":"SMTP Initialization: \u001b[33mSkipped\u001b[39m","status":"skipped","step":"smtp","timestamp":"2025-04-28T15:49:09.457Z"}
{"level":"info","message":"SMS Initialization: \u001b[33mSkipped\u001b[39m","status":"skipped","step":"sms","timestamp":"2025-04-28T15:49:09.664Z"}
{"level":"info","message":"Model Associations: \u001b[33mSkipped\u001b[39m","status":"skipped","step":"associations","timestamp":"2025-04-28T15:49:09.821Z"}
{"level":"info","message":"Database Synchronization: \u001b[33mSkipped\u001b[39m","status":"skipped","step":"sync","timestamp":"2025-04-28T15:49:09.977Z"}
{"level":"info","message":"Permission Seeding: \u001b[33mSkipped\u001b[39m","status":"skipped","step":"permissions","timestamp":"2025-04-28T15:49:10.147Z"}
{"level":"info","message":"Super Admin Seeding: \u001b[33mSkipped\u001b[39m","status":"skipped","step":"superadmin","timestamp":"2025-04-28T15:49:10.314Z"}
{"level":"info","message":"Server Initialization: \u001b[33mSkipped\u001b[39m","status":"skipped","step":"server","timestamp":"2025-04-28T15:49:11.816Z"}
{"level":"info","message":"Database Initialization: Starting","step":"database","timestamp":"2025-04-28T15:51:05.986Z"}
{"duration":"6.25","level":"info","message":"Database Initialization: Completed","status":"success","step":"database","timestamp":"2025-04-28T15:51:08.199Z"}
{"level":"info","message":"SMTP Initialization: Starting","step":"smtp","timestamp":"2025-04-28T15:51:26.072Z"}
{"level":"info","message":"SMTP server verified successfully","timestamp":"2025-04-28T15:51:26.696Z"}
{"duration":"20.08","level":"info","message":"SMTP Initialization: Completed","status":"success","step":"smtp","timestamp":"2025-04-28T15:51:28.278Z"}
{"level":"info","message":"SMS Initialization: Starting","step":"sms","timestamp":"2025-04-28T15:51:29.334Z"}
{"level":"info","message":"SMS gateway initialized","timestamp":"2025-04-28T15:51:29.335Z"}
{"duration":"3.26","level":"info","message":"SMS Initialization: Completed","status":"success","step":"sms","timestamp":"2025-04-28T15:51:31.538Z"}
{"level":"info","message":"Model Associations: Starting","step":"associations","timestamp":"2025-04-28T15:51:42.051Z"}
{"duration":"12.72","level":"info","message":"Model Associations: Completed","status":"success","step":"associations","timestamp":"2025-04-28T15:51:44.255Z"}
{"level":"info","message":"Database Initialization: Starting","step":"database","timestamp":"2025-04-28T15:52:04.914Z"}
{"duration":"2.21","level":"info","message":"Database Initialization: Completed","status":"success","step":"database","timestamp":"2025-04-28T15:52:07.128Z"}
{"level":"info","message":"SMTP Initialization: Starting","step":"smtp","timestamp":"2025-04-28T15:52:07.129Z"}
{"level":"info","message":"SMTP server verified successfully","timestamp":"2025-04-28T15:52:07.722Z"}
{"duration":"2.21","level":"info","message":"SMTP Initialization: Completed","status":"success","step":"smtp","timestamp":"2025-04-28T15:52:09.338Z"}
{"level":"info","message":"SMS Initialization: Starting","step":"sms","timestamp":"2025-04-28T15:52:09.340Z"}
{"level":"info","message":"SMS gateway initialized","timestamp":"2025-04-28T15:52:09.341Z"}
{"duration":"2.21","level":"info","message":"SMS Initialization: Completed","status":"success","step":"sms","timestamp":"2025-04-28T15:52:11.547Z"}
{"level":"info","message":"Model Associations: Starting","step":"associations","timestamp":"2025-04-28T15:52:11.548Z"}
{"duration":"2.21","level":"info","message":"Model Associations: Completed","status":"success","step":"associations","timestamp":"2025-04-28T15:52:13.754Z"}
{"level":"info","message":"Database Synchronization: Starting","step":"sync","timestamp":"2025-04-28T15:52:13.755Z"}
{"duration":"27.30","level":"info","message":"Database Synchronization: Completed","status":"success","step":"sync","timestamp":"2025-04-28T15:52:41.060Z"}
{"level":"info","message":"Permission Seeding: Skipped","status":"skipped","step":"permissions","timestamp":"2025-04-28T15:52:41.063Z"}
{"level":"info","message":"Super Admin Seeding: Skipped","status":"skipped","step":"superadmin","timestamp":"2025-04-28T15:52:41.064Z"}
{"level":"info","message":"Server Initialization: Starting","step":"server","timestamp":"2025-04-28T15:52:41.065Z"}
{"level":"info","message":"2025-04-28T15:52:41.068Z - mDNS advertisement skipped in development mode","timestamp":"2025-04-28T15:52:41.068Z"}
{"level":"info","message":"2025-04-28T15:52:41.072Z - HTTP Server running on port 5000","timestamp":"2025-04-28T15:52:41.072Z"}
{"duration":"2.21","level":"info","message":"Server Initialization: Completed","status":"success","step":"server","timestamp":"2025-04-28T15:52:43.270Z"}
{"level":"info","message":"\u001b[36m========== TraceFlow Initialization Summary ========\u001b[39m","timestamp":"2025-04-28T15:52:43.271Z"}
{"level":"info","message":"Date: 2025-04-28T15:52:43.272Z","timestamp":"2025-04-28T15:52:43.272Z"}
{"level":"info","message":"Steps Completed:","timestamp":"2025-04-28T15:52:43.272Z"}
{"duration":"2.21","level":"info","message":"  - Database Initialization: \u001b[32mSUCCESS\u001b[39m - Completed successfully (2.21s) Completed successfully","status":"success","step":"Database Initialization","timestamp":"2025-04-28T15:52:43.272Z"}
{"duration":"2.21","level":"info","message":"  - SMTP Initialization: \u001b[32mSUCCESS\u001b[39m - Completed successfully (2.21s) Completed successfully","status":"success","step":"SMTP Initialization","timestamp":"2025-04-28T15:52:43.272Z"}
{"duration":"2.21","level":"info","message":"  - SMS Initialization: \u001b[32mSUCCESS\u001b[39m - Completed successfully (2.21s) Completed successfully","status":"success","step":"SMS Initialization","timestamp":"2025-04-28T15:52:43.273Z"}
{"duration":"2.21","level":"info","message":"  - Model Associations: \u001b[32mSUCCESS\u001b[39m - Completed successfully (2.21s) Completed successfully","status":"success","step":"Model Associations","timestamp":"2025-04-28T15:52:43.273Z"}
{"duration":"27.31","level":"info","message":"  - Database Synchronization: \u001b[32mSUCCESS\u001b[39m - Completed successfully (27.31s) Completed successfully","status":"success","step":"Database Synchronization","timestamp":"2025-04-28T15:52:43.273Z"}
{"duration":"0.00","level":"info","message":"  - Permission Seeding: \u001b[33mSKIPPED\u001b[39m - Skipped by user (0.00s) Skipped by user","status":"skipped","step":"Permission Seeding","timestamp":"2025-04-28T15:52:43.274Z"}
{"duration":"0.00","level":"info","message":"  - Super Admin Seeding: \u001b[33mSKIPPED\u001b[39m - Skipped by user (0.00s) Skipped by user","status":"skipped","step":"Super Admin Seeding","timestamp":"2025-04-28T15:52:43.275Z"}
{"duration":"2.21","level":"info","message":"  - Server Initialization: \u001b[32mSUCCESS\u001b[39m - Completed successfully (2.21s) Completed successfully","status":"success","step":"Server Initialization","timestamp":"2025-04-28T15:52:43.275Z"}
{"level":"info","message":"Total Steps: 8","timestamp":"2025-04-28T15:52:43.275Z"}
{"level":"info","message":"\u001b[32mSuccesses: 6\u001b[39m","timestamp":"2025-04-28T15:52:43.275Z"}
{"level":"info","message":"\u001b[33mSkipped: 2\u001b[39m","timestamp":"2025-04-28T15:52:43.276Z"}
{"level":"info","message":"\u001b[31mFailures: 0\u001b[39m","timestamp":"2025-04-28T15:52:43.276Z"}
{"level":"info","message":"Total Duration: 41.69 seconds","timestamp":"2025-04-28T15:52:43.276Z"}
{"level":"info","message":"\u001b[36m===================================================\u001b[39m","timestamp":"2025-04-28T15:52:43.277Z"}
{"level":"info","message":"Database Initialization: Starting","step":"database","timestamp":"2025-04-28T15:54:14.799Z"}
{"duration":"2.21","level":"info","message":"Database Initialization: Completed","status":"success","step":"database","timestamp":"2025-04-28T15:54:17.014Z"}
{"level":"info","message":"SMTP Initialization: Starting","step":"smtp","timestamp":"2025-04-28T15:54:17.017Z"}
{"level":"info","message":"SMTP server verified successfully","timestamp":"2025-04-28T15:54:17.639Z"}
{"duration":"2.20","level":"info","message":"SMTP Initialization: Completed","status":"success","step":"smtp","timestamp":"2025-04-28T15:54:19.220Z"}
{"level":"info","message":"SMS Initialization: Starting","step":"sms","timestamp":"2025-04-28T15:54:19.221Z"}
{"level":"info","message":"SMS gateway initialized","timestamp":"2025-04-28T15:54:19.222Z"}
{"duration":"2.21","level":"info","message":"SMS Initialization: Completed","status":"success","step":"sms","timestamp":"2025-04-28T15:54:21.431Z"}
{"level":"info","message":"Model Associations: Starting","step":"associations","timestamp":"2025-04-28T15:54:21.432Z"}
{"duration":"2.21","level":"info","message":"Model Associations: Completed","status":"success","step":"associations","timestamp":"2025-04-28T15:54:23.641Z"}
{"level":"info","message":"Database Synchronization: Starting","step":"sync","timestamp":"2025-04-28T15:54:23.644Z"}
{"duration":"27.98","level":"info","message":"Database Synchronization: Completed","status":"success","step":"sync","timestamp":"2025-04-28T15:54:51.625Z"}
{"level":"info","message":"Permission Seeding: Skipped","status":"skipped","step":"permissions","timestamp":"2025-04-28T15:54:51.628Z"}
{"level":"info","message":"Super Admin Seeding: Skipped","status":"skipped","step":"superadmin","timestamp":"2025-04-28T15:54:51.629Z"}
{"level":"info","message":"Server Initialization: Starting","step":"server","timestamp":"2025-04-28T15:54:51.629Z"}
{"level":"info","message":"2025-04-28T15:54:51.632Z - mDNS advertisement skipped in development mode","timestamp":"2025-04-28T15:54:51.633Z"}
{"level":"info","message":"2025-04-28T15:54:51.637Z - HTTP Server running on port 5000","timestamp":"2025-04-28T15:54:51.637Z"}
{"duration":"2.21","level":"info","message":"Server Initialization: Completed","status":"success","step":"server","timestamp":"2025-04-28T15:54:53.837Z"}
{"level":"info","message":"\u001b[36m========== TraceFlow Initialization Summary ========\u001b[39m","timestamp":"2025-04-28T15:54:53.838Z"}
{"level":"info","message":"Date: 2025-04-28T15:54:53.839Z","timestamp":"2025-04-28T15:54:53.839Z"}
{"level":"info","message":"Steps Completed:","timestamp":"2025-04-28T15:54:53.839Z"}
{"duration":"2.22","level":"info","message":"  - Database Initialization: \u001b[32mSUCCESS\u001b[39m - Completed successfully (2.22s) Completed successfully","status":"success","step":"Database Initialization","timestamp":"2025-04-28T15:54:53.839Z"}
{"duration":"2.20","level":"info","message":"  - SMTP Initialization: \u001b[32mSUCCESS\u001b[39m - Completed successfully (2.20s) Completed successfully","status":"success","step":"SMTP Initialization","timestamp":"2025-04-28T15:54:53.840Z"}
{"duration":"2.21","level":"info","message":"  - SMS Initialization: \u001b[32mSUCCESS\u001b[39m - Completed successfully (2.21s) Completed successfully","status":"success","step":"SMS Initialization","timestamp":"2025-04-28T15:54:53.840Z"}
{"duration":"2.21","level":"info","message":"  - Model Associations: \u001b[32mSUCCESS\u001b[39m - Completed successfully (2.21s) Completed successfully","status":"success","step":"Model Associations","timestamp":"2025-04-28T15:54:53.840Z"}
{"duration":"27.98","level":"info","message":"  - Database Synchronization: \u001b[32mSUCCESS\u001b[39m - Completed successfully (27.98s) Completed successfully","status":"success","step":"Database Synchronization","timestamp":"2025-04-28T15:54:53.840Z"}
{"duration":"0.00","level":"info","message":"  - Permission Seeding: \u001b[33mSKIPPED\u001b[39m - Skipped by user (0.00s) Skipped by user","status":"skipped","step":"Permission Seeding","timestamp":"2025-04-28T15:54:53.841Z"}
{"duration":"0.00","level":"info","message":"  - Super Admin Seeding: \u001b[33mSKIPPED\u001b[39m - Skipped by user (0.00s) Skipped by user","status":"skipped","step":"Super Admin Seeding","timestamp":"2025-04-28T15:54:53.841Z"}
{"duration":"2.21","level":"info","message":"  - Server Initialization: \u001b[32mSUCCESS\u001b[39m - Completed successfully (2.21s) Completed successfully","status":"success","step":"Server Initialization","timestamp":"2025-04-28T15:54:53.841Z"}
{"level":"info","message":"Total Steps: 8","timestamp":"2025-04-28T15:54:53.841Z"}
{"level":"info","message":"\u001b[32mSuccesses: 6\u001b[39m","timestamp":"2025-04-28T15:54:53.842Z"}
{"level":"info","message":"\u001b[33mSkipped: 2\u001b[39m","timestamp":"2025-04-28T15:54:53.843Z"}
{"level":"info","message":"\u001b[31mFailures: 0\u001b[39m","timestamp":"2025-04-28T15:54:53.843Z"}
{"level":"info","message":"Total Duration: 39.06 seconds","timestamp":"2025-04-28T15:54:53.844Z"}
{"level":"info","message":"\u001b[36m===================================================\u001b[39m","timestamp":"2025-04-28T15:54:53.844Z"}
{"level":"info","message":"Database Initialization: Starting","step":"database","timestamp":"2025-04-28T15:56:23.777Z"}
{"duration":"2.22","level":"info","message":"Database Initialization: Completed","status":"success","step":"database","timestamp":"2025-04-28T15:56:25.993Z"}
{"level":"info","message":"SMTP Initialization: Starting","step":"smtp","timestamp":"2025-04-28T15:56:25.995Z"}
{"level":"info","message":"SMTP server verified successfully","timestamp":"2025-04-28T15:56:26.561Z"}
{"duration":"2.21","level":"info","message":"SMTP Initialization: Completed","status":"success","step":"smtp","timestamp":"2025-04-28T15:56:28.205Z"}
{"level":"info","message":"SMS Initialization: Starting","step":"sms","timestamp":"2025-04-28T15:56:28.207Z"}
{"level":"info","message":"SMS gateway initialized","timestamp":"2025-04-28T15:56:28.208Z"}
{"duration":"2.21","level":"info","message":"SMS Initialization: Completed","status":"success","step":"sms","timestamp":"2025-04-28T15:56:30.416Z"}
{"level":"info","message":"Model Associations: Starting","step":"associations","timestamp":"2025-04-28T15:56:30.419Z"}
{"duration":"2.21","level":"info","message":"Model Associations: Completed","status":"success","step":"associations","timestamp":"2025-04-28T15:56:32.625Z"}
{"level":"info","message":"Database Synchronization: Starting","step":"sync","timestamp":"2025-04-28T15:56:32.626Z"}
{"duration":"25.94","level":"info","message":"Database Synchronization: Completed","status":"success","step":"sync","timestamp":"2025-04-28T15:56:58.568Z"}
{"level":"info","message":"Permission Seeding: Skipped","status":"skipped","step":"permissions","timestamp":"2025-04-28T15:56:58.571Z"}
{"level":"info","message":"Super Admin Seeding: Skipped","status":"skipped","step":"superadmin","timestamp":"2025-04-28T15:56:58.573Z"}
{"level":"info","message":"Server Initialization: Starting","step":"server","timestamp":"2025-04-28T15:56:58.574Z"}
{"level":"info","message":"2025-04-28T15:56:58.576Z - mDNS advertisement skipped in development mode","timestamp":"2025-04-28T15:56:58.576Z"}
{"level":"info","message":"2025-04-28T15:56:58.581Z - HTTP Server running on port 5000","timestamp":"2025-04-28T15:56:58.581Z"}
{"duration":"2.21","level":"info","message":"Server Initialization: Completed","status":"success","step":"server","timestamp":"2025-04-28T15:57:00.781Z"}
{"level":"info","message":"\u001b[36m========== TraceFlow Initialization Summary ========\u001b[39m","timestamp":"2025-04-28T15:57:00.782Z"}
{"level":"info","message":"Date: 2025-04-28T15:57:00.783Z","timestamp":"2025-04-28T15:57:00.783Z"}
{"level":"info","message":"Steps Completed:","timestamp":"2025-04-28T15:57:00.783Z"}
{"duration":"2.22","level":"info","message":"  - Database Initialization: \u001b[32mSUCCESS\u001b[39m - Completed successfully (2.22s) Completed successfully","status":"success","step":"Database Initialization","timestamp":"2025-04-28T15:57:00.784Z"}
{"duration":"2.21","level":"info","message":"  - SMTP Initialization: \u001b[32mSUCCESS\u001b[39m - Completed successfully (2.21s) Completed successfully","status":"success","step":"SMTP Initialization","timestamp":"2025-04-28T15:57:00.784Z"}
{"duration":"2.21","level":"info","message":"  - SMS Initialization: \u001b[32mSUCCESS\u001b[39m - Completed successfully (2.21s) Completed successfully","status":"success","step":"SMS Initialization","timestamp":"2025-04-28T15:57:00.785Z"}
{"duration":"2.21","level":"info","message":"  - Model Associations: \u001b[32mSUCCESS\u001b[39m - Completed successfully (2.21s) Completed successfully","status":"success","step":"Model Associations","timestamp":"2025-04-28T15:57:00.785Z"}
{"duration":"25.94","level":"info","message":"  - Database Synchronization: \u001b[32mSUCCESS\u001b[39m - Completed successfully (25.94s) Completed successfully","status":"success","step":"Database Synchronization","timestamp":"2025-04-28T15:57:00.785Z"}
{"duration":"0.00","level":"info","message":"  - Permission Seeding: \u001b[33mSKIPPED\u001b[39m - Skipped by user (0.00s) Skipped by user","status":"skipped","step":"Permission Seeding","timestamp":"2025-04-28T15:57:00.786Z"}
{"duration":"0.00","level":"info","message":"  - Super Admin Seeding: \u001b[33mSKIPPED\u001b[39m - Skipped by user (0.00s) Skipped by user","status":"skipped","step":"Super Admin Seeding","timestamp":"2025-04-28T15:57:00.786Z"}
{"duration":"2.21","level":"info","message":"  - Server Initialization: \u001b[32mSUCCESS\u001b[39m - Completed successfully (2.21s) Completed successfully","status":"success","step":"Server Initialization","timestamp":"2025-04-28T15:57:00.786Z"}
{"level":"info","message":"Total Steps: 8","timestamp":"2025-04-28T15:57:00.787Z"}
{"level":"info","message":"\u001b[32mSuccesses: 6\u001b[39m","timestamp":"2025-04-28T15:57:00.787Z"}
{"level":"info","message":"\u001b[33mSkipped: 2\u001b[39m","timestamp":"2025-04-28T15:57:00.787Z"}
{"level":"info","message":"\u001b[31mFailures: 0\u001b[39m","timestamp":"2025-04-28T15:57:00.788Z"}
{"level":"info","message":"Total Duration: 37.35 seconds","timestamp":"2025-04-28T15:57:00.788Z"}
{"level":"info","message":"\u001b[36m===================================================\u001b[39m","timestamp":"2025-04-28T15:57:00.788Z"}
{"level":"info","message":"Database Initialization: Starting","step":"database","timestamp":"2025-04-28T15:58:36.627Z"}
{"duration":"2.22","level":"info","message":"Database Initialization: Completed","status":"success","step":"database","timestamp":"2025-04-28T15:58:38.844Z"}
{"level":"info","message":"SMTP Initialization: Starting","step":"smtp","timestamp":"2025-04-28T15:58:38.846Z"}
{"level":"info","message":"SMTP server verified successfully","timestamp":"2025-04-28T15:58:39.444Z"}
{"duration":"2.21","level":"info","message":"SMTP Initialization: Completed","status":"success","step":"smtp","timestamp":"2025-04-28T15:58:41.054Z"}
{"level":"info","message":"SMS Initialization: Starting","step":"sms","timestamp":"2025-04-28T15:58:41.056Z"}
{"level":"info","message":"SMS gateway initialized","timestamp":"2025-04-28T15:58:41.057Z"}
{"duration":"2.21","level":"info","message":"SMS Initialization: Completed","status":"success","step":"sms","timestamp":"2025-04-28T15:58:43.268Z"}
{"level":"info","message":"Model Associations: Starting","step":"associations","timestamp":"2025-04-28T15:58:43.271Z"}
{"duration":"2.21","level":"info","message":"Model Associations: Completed","status":"success","step":"associations","timestamp":"2025-04-28T15:58:45.478Z"}
{"level":"info","message":"Database Synchronization: Starting","step":"sync","timestamp":"2025-04-28T15:58:45.479Z"}
{"duration":"28.52","level":"info","message":"Database Synchronization: Completed","status":"success","step":"sync","timestamp":"2025-04-28T15:59:13.999Z"}
{"level":"info","message":"Permission Seeding: Skipped","status":"skipped","step":"permissions","timestamp":"2025-04-28T15:59:14.026Z"}
{"level":"info","message":"Super Admin Seeding: Skipped","status":"skipped","step":"superadmin","timestamp":"2025-04-28T15:59:14.028Z"}
{"level":"info","message":"Server Initialization: Starting","step":"server","timestamp":"2025-04-28T15:59:14.029Z"}
{"level":"info","message":"2025-04-28T15:59:14.034Z - mDNS advertisement skipped in development mode","timestamp":"2025-04-28T15:59:14.034Z"}
{"level":"info","message":"2025-04-28T15:59:14.048Z - HTTP Server running on port 5000","timestamp":"2025-04-28T15:59:14.048Z"}
{"duration":"2.21","level":"info","message":"Server Initialization: Completed","status":"success","step":"server","timestamp":"2025-04-28T15:59:16.239Z"}
{"level":"info","message":"\u001b[36m========== TraceFlow Initialization Summary ========\u001b[39m","timestamp":"2025-04-28T15:59:16.241Z"}
{"level":"info","message":"Date: 2025-04-28T15:59:16.242Z","timestamp":"2025-04-28T15:59:16.242Z"}
{"level":"info","message":"Steps Completed:","timestamp":"2025-04-28T15:59:16.242Z"}
{"duration":"2.22","level":"info","message":"  - Database Initialization: \u001b[32mSUCCESS\u001b[39m - Completed successfully (2.22s) Completed successfully","status":"success","step":"Database Initialization","timestamp":"2025-04-28T15:59:16.243Z"}
{"duration":"2.21","level":"info","message":"  - SMTP Initialization: \u001b[32mSUCCESS\u001b[39m - Completed successfully (2.21s) Completed successfully","status":"success","step":"SMTP Initialization","timestamp":"2025-04-28T15:59:16.243Z"}
{"duration":"2.21","level":"info","message":"  - SMS Initialization: \u001b[32mSUCCESS\u001b[39m - Completed successfully (2.21s) Completed successfully","status":"success","step":"SMS Initialization","timestamp":"2025-04-28T15:59:16.244Z"}
{"duration":"2.21","level":"info","message":"  - Model Associations: \u001b[32mSUCCESS\u001b[39m - Completed successfully (2.21s) Completed successfully","status":"success","step":"Model Associations","timestamp":"2025-04-28T15:59:16.244Z"}
{"duration":"28.55","level":"info","message":"  - Database Synchronization: \u001b[32mSUCCESS\u001b[39m - Completed successfully (28.55s) Completed successfully","status":"success","step":"Database Synchronization","timestamp":"2025-04-28T15:59:16.244Z"}
{"duration":"0.00","level":"info","message":"  - Permission Seeding: \u001b[33mSKIPPED\u001b[39m - Skipped by user (0.00s) Skipped by user","status":"skipped","step":"Permission Seeding","timestamp":"2025-04-28T15:59:16.245Z"}
{"duration":"0.00","level":"info","message":"  - Super Admin Seeding: \u001b[33mSKIPPED\u001b[39m - Skipped by user (0.00s) Skipped by user","status":"skipped","step":"Super Admin Seeding","timestamp":"2025-04-28T15:59:16.245Z"}
{"duration":"2.21","level":"info","message":"  - Server Initialization: \u001b[32mSUCCESS\u001b[39m - Completed successfully (2.21s) Completed successfully","status":"success","step":"Server Initialization","timestamp":"2025-04-28T15:59:16.245Z"}
{"level":"info","message":"Total Steps: 8","timestamp":"2025-04-28T15:59:16.246Z"}
{"level":"info","message":"\u001b[32mSuccesses: 6\u001b[39m","timestamp":"2025-04-28T15:59:16.246Z"}
{"level":"info","message":"\u001b[33mSkipped: 2\u001b[39m","timestamp":"2025-04-28T15:59:16.246Z"}
{"level":"info","message":"\u001b[31mFailures: 0\u001b[39m","timestamp":"2025-04-28T15:59:16.246Z"}
{"level":"info","message":"Total Duration: 76.21 seconds","timestamp":"2025-04-28T15:59:16.247Z"}
{"level":"info","message":"\u001b[36m===================================================\u001b[39m","timestamp":"2025-04-28T15:59:16.247Z"}
{"level":"info","message":"Cleaning up expired OTPs","timestamp":"2025-04-28T16:00:00.106Z"}
{"level":"info","message":"Cleaned up 0 expired OTPs","timestamp":"2025-04-28T16:00:00.175Z"}
{"level":"info","message":"Database Initialization: Starting","step":"database","timestamp":"2025-04-28T16:01:56.967Z"}
{"duration":"0.22","level":"info","message":"Database Initialization: Completed","status":"success","step":"database","timestamp":"2025-04-28T16:01:57.188Z"}
{"level":"info","message":"SMTP Initialization: Starting","step":"smtp","timestamp":"2025-04-28T16:01:57.190Z"}
{"level":"info","message":"SMTP server verified successfully","timestamp":"2025-04-28T16:01:57.782Z"}
{"duration":"0.59","level":"info","message":"SMTP Initialization: Completed","status":"success","step":"smtp","timestamp":"2025-04-28T16:01:57.783Z"}
{"level":"info","message":"SMS Initialization: Starting","step":"sms","timestamp":"2025-04-28T16:01:57.784Z"}
{"level":"info","message":"SMS gateway initialized","timestamp":"2025-04-28T16:01:57.785Z"}
{"duration":"0.00","level":"info","message":"SMS Initialization: Completed","status":"success","step":"sms","timestamp":"2025-04-28T16:01:57.785Z"}
{"level":"info","message":"Model Associations: Starting","step":"associations","timestamp":"2025-04-28T16:01:57.786Z"}
{"duration":"0.02","level":"info","message":"Model Associations: Completed","status":"success","step":"associations","timestamp":"2025-04-28T16:01:57.803Z"}
{"level":"info","message":"Database Synchronization: Skipped","status":"skipped","step":"sync","timestamp":"2025-04-28T16:01:57.803Z"}
{"level":"info","message":"Permission Seeding: Skipped","status":"skipped","step":"permissions","timestamp":"2025-04-28T16:01:57.804Z"}
{"level":"info","message":"Super Admin Seeding: Skipped","status":"skipped","step":"superadmin","timestamp":"2025-04-28T16:01:57.804Z"}
{"level":"info","message":"Server Initialization: Starting","step":"server","timestamp":"2025-04-28T16:01:57.804Z"}
{"level":"info","message":"2025-04-28T16:01:57.807Z - mDNS advertisement skipped in development mode","timestamp":"2025-04-28T16:01:57.807Z"}
{"duration":"0.00","level":"info","message":"Server Initialization: Completed","status":"success","step":"server","timestamp":"2025-04-28T16:01:57.807Z"}
{"level":"info","message":"\u001b[36m========== TraceFlow Initialization Summary ========\u001b[39m","timestamp":"2025-04-28T16:01:57.809Z"}
{"level":"info","message":"Date: 2025-04-28T16:01:57.809Z","timestamp":"2025-04-28T16:01:57.809Z"}
{"level":"info","message":"Steps Completed:","timestamp":"2025-04-28T16:01:57.809Z"}
{"duration":"0.22","level":"info","message":"  - Database Initialization: \u001b[32mSUCCESS\u001b[39m - Completed successfully (0.22s) Completed successfully","status":"success","step":"Database Initialization","timestamp":"2025-04-28T16:01:57.810Z"}
{"duration":"0.59","level":"info","message":"  - SMTP Initialization: \u001b[32mSUCCESS\u001b[39m - Completed successfully (0.59s) Completed successfully","status":"success","step":"SMTP Initialization","timestamp":"2025-04-28T16:01:57.810Z"}
{"duration":"0.00","level":"info","message":"  - SMS Initialization: \u001b[32mSUCCESS\u001b[39m - Completed successfully (0.00s) Completed successfully","status":"success","step":"SMS Initialization","timestamp":"2025-04-28T16:01:57.810Z"}
{"duration":"0.02","level":"info","message":"  - Model Associations: \u001b[32mSUCCESS\u001b[39m - Completed successfully (0.02s) Completed successfully","status":"success","step":"Model Associations","timestamp":"2025-04-28T16:01:57.811Z"}
{"duration":"0.00","level":"info","message":"  - Database Synchronization: \u001b[33mSKIPPED\u001b[39m - Skipped by user (0.00s) Skipped by user","status":"skipped","step":"Database Synchronization","timestamp":"2025-04-28T16:01:57.811Z"}
{"duration":"0.00","level":"info","message":"  - Permission Seeding: \u001b[33mSKIPPED\u001b[39m - Skipped by user (0.00s) Skipped by user","status":"skipped","step":"Permission Seeding","timestamp":"2025-04-28T16:01:57.811Z"}
{"duration":"0.00","level":"info","message":"  - Super Admin Seeding: \u001b[33mSKIPPED\u001b[39m - Skipped by user (0.00s) Skipped by user","status":"skipped","step":"Super Admin Seeding","timestamp":"2025-04-28T16:01:57.811Z"}
{"duration":"0.00","level":"info","message":"  - Server Initialization: \u001b[32mSUCCESS\u001b[39m - Completed successfully (0.00s) Completed successfully","status":"success","step":"Server Initialization","timestamp":"2025-04-28T16:01:57.811Z"}
{"level":"info","message":"Total Steps: 8","timestamp":"2025-04-28T16:01:57.812Z"}
{"level":"info","message":"\u001b[32mSuccesses: 5\u001b[39m","timestamp":"2025-04-28T16:01:57.812Z"}
{"level":"info","message":"\u001b[33mSkipped: 3\u001b[39m","timestamp":"2025-04-28T16:01:57.812Z"}
{"level":"info","message":"\u001b[31mFailures: 0\u001b[39m","timestamp":"2025-04-28T16:01:57.812Z"}
{"level":"info","message":"Total Duration: 3.96 seconds","timestamp":"2025-04-28T16:01:57.812Z"}
{"level":"info","message":"\u001b[36m===================================================\u001b[39m","timestamp":"2025-04-28T16:01:57.813Z"}
{"level":"info","message":"2025-04-28T16:01:57.822Z - HTTP Server running on port 5000","timestamp":"2025-04-28T16:01:57.822Z"}
{"level":"info","message":"Database Initialization: Starting","step":"database","timestamp":"2025-04-28T16:02:16.472Z"}
{"duration":"3.03","level":"info","message":"Database Initialization: Completed","status":"success","step":"database","timestamp":"2025-04-28T16:02:16.704Z"}
{"level":"info","message":"SMTP Initialization: Starting","step":"smtp","timestamp":"2025-04-28T16:02:18.606Z"}
{"level":"info","message":"SMTP server verified successfully","timestamp":"2025-04-28T16:02:19.883Z"}
{"duration":"3.18","level":"info","message":"SMTP Initialization: Completed","status":"success","step":"smtp","timestamp":"2025-04-28T16:02:19.884Z"}
{"level":"info","message":"SMS Initialization: Starting","step":"sms","timestamp":"2025-04-28T16:02:21.171Z"}
{"level":"info","message":"SMS gateway initialized","timestamp":"2025-04-28T16:02:21.172Z"}
{"duration":"1.29","level":"info","message":"SMS Initialization: Completed","status":"success","step":"sms","timestamp":"2025-04-28T16:02:21.172Z"}
{"level":"info","message":"Model Associations: Starting","step":"associations","timestamp":"2025-04-28T16:02:23.979Z"}
{"duration":"2.83","level":"info","message":"Model Associations: Completed","status":"success","step":"associations","timestamp":"2025-04-28T16:02:23.998Z"}
{"level":"info","message":"Database Synchronization: Starting","step":"sync","timestamp":"2025-04-28T16:02:26.683Z"}
{"duration":"27.71","level":"info","message":"Database Synchronization: Completed","status":"success","step":"sync","timestamp":"2025-04-28T16:02:51.709Z"}
{"level":"info","message":"Permission Seeding: Starting","step":"permissions","timestamp":"2025-04-28T16:03:38.723Z"}
{"level":"info","message":"No new permissions to seed","timestamp":"2025-04-28T16:03:39.109Z"}
{"duration":"47.40","level":"info","message":"Permission Seeding: Completed","status":"success","step":"permissions","timestamp":"2025-04-28T16:03:39.110Z"}
{"level":"info","message":"Super Admin Seeding: Starting","step":"superadmin","timestamp":"2025-04-28T16:03:44.201Z"}
{"level":"error","message":"Error seeding Super Admin: ","timestamp":"2025-04-28T16:04:14.549Z"}
{"duration":"35.44","error":"","level":"error","message":"Super Admin Seeding: Failed","stack":"AggregateError\n    at AxiosError.from (C:\\Users\\Kayto\\Desktop\\IT\\Projects\\Stage\\Stage PFE\\TraceFlow\\keycloak\\Back\\node_modules\\axios\\dist\\node\\axios.cjs:857:14)\n    at RedirectableRequest.handleRequestError (C:\\Users\\Kayto\\Desktop\\IT\\Projects\\Stage\\Stage PFE\\TraceFlow\\keycloak\\Back\\node_modules\\axios\\dist\\node\\axios.cjs:3169:25)\n    at RedirectableRequest.emit (node:events:518:28)\n    at eventHandlers.<computed> (C:\\Users\\Kayto\\Desktop\\IT\\Projects\\Stage\\Stage PFE\\TraceFlow\\keycloak\\Back\\node_modules\\follow-redirects\\index.js:49:24)\n    at ClientRequest.emit (node:events:518:28)\n    at emitErrorEvent (node:_http_client:104:11)\n    at Socket.socketErrorListener (node:_http_client:518:5)\n    at Socket.emit (node:events:518:28)\n    at emitErrorNT (node:internal/streams/destroy:170:8)\n    at emitErrorCloseNT (node:internal/streams/destroy:129:3)\n    at Axios.request (C:\\Users\\Kayto\\Desktop\\IT\\Projects\\Stage\\Stage PFE\\TraceFlow\\keycloak\\Back\\node_modules\\axios\\dist\\node\\axios.cjs:4258:41)\n    at process.processTicksAndRejections (node:internal/process/task_queues:105:5)\n    at async getAdminToken (C:\\Users\\Kayto\\Desktop\\IT\\Projects\\Stage\\Stage PFE\\TraceFlow\\keycloak\\Back\\scripts\\SeedSuperAdmin.js:21:22)\n    at async Object.seedSuperAdmin [as fn] (C:\\Users\\Kayto\\Desktop\\IT\\Projects\\Stage\\Stage PFE\\TraceFlow\\keycloak\\Back\\scripts\\SeedSuperAdmin.js:113:23)\n    at async startApp (C:\\Users\\Kayto\\Desktop\\IT\\Projects\\Stage\\Stage PFE\\TraceFlow\\keycloak\\Back\\app.js:187:17)","status":"failed","step":"superadmin","timestamp":"2025-04-28T16:04:14.550Z"}
{"level":"error","message":"Initialization failed: Initialization aborted after Super Admin Seeding failure","stack":"Error: Initialization aborted after Super Admin Seeding failure\n    at startApp (C:\\Users\\Kayto\\Desktop\\IT\\Projects\\Stage\\Stage PFE\\TraceFlow\\keycloak\\Back\\app.js:232:23)\n    at process.processTicksAndRejections (node:internal/process/task_queues:105:5)","timestamp":"2025-04-28T16:13:23.876Z"}
{"level":"info","message":"Database Initialization: Starting","step":"database","timestamp":"2025-04-28T16:23:15.706Z"}
{"duration":"5.00","error":"logger.info is not a function","level":"error","message":"Database Initialization: Failed","stack":"TypeError: logger.info is not a function\n    at Object.initializeDatabase [as fn] (C:\\Users\\Kayto\\Desktop\\IT\\Projects\\Stage\\Stage PFE\\TraceFlow\\keycloak\\Back\\config\\db.js:36:20)\n    at process.processTicksAndRejections (node:internal/process/task_queues:105:5)","status":"failed","step":"database","timestamp":"2025-04-28T16:23:15.857Z"}
{"level":"info","message":"Database Initialization: Starting","step":"database","timestamp":"2025-04-28T16:24:41.068Z"}
{"duration":"3.11","error":"logger.info is not a function","level":"error","message":"Database Initialization: Failed","stack":"TypeError: logger.info is not a function\n    at Object.initializeDatabase [as fn] (C:\\Users\\Kayto\\Desktop\\IT\\Projects\\Stage\\Stage PFE\\TraceFlow\\keycloak\\Back\\config\\db.js:36:20)\n    at process.processTicksAndRejections (node:internal/process/task_queues:105:5)","status":"failed","step":"database","timestamp":"2025-04-28T16:24:41.234Z"}
{"level":"info","message":"Database Initialization: Starting","step":"database","timestamp":"2025-04-28T16:29:21.948Z"}
{"duration":"1.28","level":"info","message":"Database Initialization: Completed","status":"success","step":"database","timestamp":"2025-04-28T16:29:22.121Z"}
{"level":"info","message":"SMTP Initialization: Starting","step":"smtp","timestamp":"2025-04-28T16:29:27.117Z"}
{"level":"info","message":"SMTP server verified successfully","timestamp":"2025-04-28T16:29:27.714Z"}
{"duration":"5.59","level":"info","message":"SMTP Initialization: Completed","status":"success","step":"smtp","timestamp":"2025-04-28T16:29:27.716Z"}
{"level":"info","message":"SMS Initialization: Starting","step":"sms","timestamp":"2025-04-28T16:29:28.555Z"}
{"level":"info","message":"SMS gateway initialized","timestamp":"2025-04-28T16:29:28.556Z"}
{"duration":"0.84","level":"info","message":"SMS Initialization: Completed","status":"success","step":"sms","timestamp":"2025-04-28T16:29:28.556Z"}
{"level":"info","message":"Model Associations: Starting","step":"associations","timestamp":"2025-04-28T16:29:32.896Z"}
{"duration":"4.36","error":"Cannot read properties of undefined (reading 'catch')","level":"error","message":"Model Associations: Failed","stack":"TypeError: Cannot read properties of undefined (reading 'catch')\n    at C:\\Users\\Kayto\\Desktop\\IT\\Projects\\Stage\\Stage PFE\\TraceFlow\\keycloak\\Back\\app.js:204:27\n    at new Promise (<anonymous>)\n    at stepFn (C:\\Users\\Kayto\\Desktop\\IT\\Projects\\Stage\\Stage PFE\\TraceFlow\\keycloak\\Back\\app.js:198:28)\n    at startApp (C:\\Users\\Kayto\\Desktop\\IT\\Projects\\Stage\\Stage PFE\\TraceFlow\\keycloak\\Back\\app.js:208:23)\n    at process.processTicksAndRejections (node:internal/process/task_queues:105:5)","status":"failed","step":"associations","timestamp":"2025-04-28T16:29:32.914Z"}
{"level":"info","message":"Database Initialization: Starting","step":"database","timestamp":"2025-04-28T16:31:26.300Z"}
{"duration":"0.25","level":"info","message":"Database Initialization: Completed","status":"success","step":"database","timestamp":"2025-04-28T16:31:26.553Z"}
{"level":"info","message":"SMTP Initialization: Starting","step":"smtp","timestamp":"2025-04-28T16:31:26.554Z"}
{"level":"info","message":"SMTP server verified successfully","timestamp":"2025-04-28T16:31:27.168Z"}
{"duration":"0.62","level":"info","message":"SMTP Initialization: Completed","status":"success","step":"smtp","timestamp":"2025-04-28T16:31:27.170Z"}
{"level":"info","message":"SMS Initialization: Starting","step":"sms","timestamp":"2025-04-28T16:31:27.171Z"}
{"level":"info","message":"SMS gateway initialized","timestamp":"2025-04-28T16:31:27.172Z"}
{"duration":"0.00","level":"info","message":"SMS Initialization: Completed","status":"success","step":"sms","timestamp":"2025-04-28T16:31:27.172Z"}
{"level":"info","message":"Model Associations: Starting","step":"associations","timestamp":"2025-04-28T16:31:27.173Z"}
{"duration":"0.02","error":"Cannot read properties of undefined (reading 'catch')","level":"error","message":"Model Associations: Failed","stack":"TypeError: Cannot read properties of undefined (reading 'catch')\n    at C:\\Users\\Kayto\\Desktop\\IT\\Projects\\Stage\\Stage PFE\\TraceFlow\\keycloak\\Back\\app.js:212:27\n    at new Promise (<anonymous>)\n    at stepFn (C:\\Users\\Kayto\\Desktop\\IT\\Projects\\Stage\\Stage PFE\\TraceFlow\\keycloak\\Back\\app.js:206:28)\n    at startApp (C:\\Users\\Kayto\\Desktop\\IT\\Projects\\Stage\\Stage PFE\\TraceFlow\\keycloak\\Back\\app.js:216:23)\n    at process.processTicksAndRejections (node:internal/process/task_queues:105:5)","status":"failed","step":"associations","timestamp":"2025-04-28T16:31:27.191Z"}
{"level":"info","message":"Database Initialization: Starting","step":"database","timestamp":"2025-04-28T16:32:31.131Z"}
{"level":"info","message":"Database Initialization: Starting","step":"database","timestamp":"2025-04-28T16:33:27.315Z"}
{"duration":"0.23","level":"info","message":"Database Initialization: Completed","status":"success","step":"database","timestamp":"2025-04-28T16:33:27.542Z"}
{"level":"info","message":"SMTP Initialization: Starting","step":"smtp","timestamp":"2025-04-28T16:33:27.544Z"}
{"level":"info","message":"SMTP server verified successfully","timestamp":"2025-04-28T16:33:28.211Z"}
{"duration":"0.67","level":"info","message":"SMTP Initialization: Completed","status":"success","step":"smtp","timestamp":"2025-04-28T16:33:28.212Z"}
{"level":"info","message":"SMS Initialization: Starting","step":"sms","timestamp":"2025-04-28T16:33:28.213Z"}
{"level":"info","message":"SMS gateway initialized","timestamp":"2025-04-28T16:33:28.213Z"}
{"duration":"0.00","level":"info","message":"SMS Initialization: Completed","status":"success","step":"sms","timestamp":"2025-04-28T16:33:28.214Z"}
{"level":"info","message":"Model Associations: Starting","step":"associations","timestamp":"2025-04-28T16:33:28.214Z"}
{"duration":"0.02","level":"info","message":"Model Associations: Completed","status":"success","step":"associations","timestamp":"2025-04-28T16:33:28.230Z"}
{"level":"info","message":"Database Synchronization: Skipped","status":"skipped","step":"sync","timestamp":"2025-04-28T16:33:28.231Z"}
{"level":"info","message":"Permission Seeding: Skipped","status":"skipped","step":"permissions","timestamp":"2025-04-28T16:33:28.231Z"}
{"level":"info","message":"Super Admin Seeding: Skipped","status":"skipped","step":"superadmin","timestamp":"2025-04-28T16:33:28.232Z"}
{"level":"info","message":"Server Initialization: Starting","step":"server","timestamp":"2025-04-28T16:33:28.232Z"}
{"level":"info","message":"2025-04-28T16:33:28.235Z - mDNS advertisement skipped in development mode","timestamp":"2025-04-28T16:33:28.235Z"}
{"duration":"0.00","level":"info","message":"Server Initialization: Completed","status":"success","step":"server","timestamp":"2025-04-28T16:33:28.235Z"}
{"level":"info","message":"\u001b[36m========== TraceFlow Initialization Summary ========\u001b[39m","timestamp":"2025-04-28T16:33:28.237Z"}
{"level":"info","message":"Date: 2025-04-28T16:33:28.237Z","timestamp":"2025-04-28T16:33:28.237Z"}
{"level":"info","message":"Steps Completed:","timestamp":"2025-04-28T16:33:28.237Z"}
{"duration":"0.23","level":"info","message":"  - Database Initialization: \u001b[32mSUCCESS\u001b[39m - Completed successfully (0.23s) Completed successfully","status":"success","step":"Database Initialization","timestamp":"2025-04-28T16:33:28.237Z"}
{"duration":"0.67","level":"info","message":"  - SMTP Initialization: \u001b[32mSUCCESS\u001b[39m - Completed successfully (0.67s) Completed successfully","status":"success","step":"SMTP Initialization","timestamp":"2025-04-28T16:33:28.238Z"}
{"duration":"0.00","level":"info","message":"  - SMS Initialization: \u001b[32mSUCCESS\u001b[39m - Completed successfully (0.00s) Completed successfully","status":"success","step":"SMS Initialization","timestamp":"2025-04-28T16:33:28.238Z"}
{"duration":"0.02","level":"info","message":"  - Model Associations: \u001b[32mSUCCESS\u001b[39m - Completed successfully (0.02s) Completed successfully","status":"success","step":"Model Associations","timestamp":"2025-04-28T16:33:28.238Z"}
{"duration":"0.00","level":"info","message":"  - Database Synchronization: \u001b[33mSKIPPED\u001b[39m - Skipped by user (0.00s) Skipped by user","status":"skipped","step":"Database Synchronization","timestamp":"2025-04-28T16:33:28.238Z"}
{"duration":"0.00","level":"info","message":"  - Permission Seeding: \u001b[33mSKIPPED\u001b[39m - Skipped by user (0.00s) Skipped by user","status":"skipped","step":"Permission Seeding","timestamp":"2025-04-28T16:33:28.239Z"}
{"duration":"0.00","level":"info","message":"  - Super Admin Seeding: \u001b[33mSKIPPED\u001b[39m - Skipped by user (0.00s) Skipped by user","status":"skipped","step":"Super Admin Seeding","timestamp":"2025-04-28T16:33:28.239Z"}
{"duration":"0.00","level":"info","message":"  - Server Initialization: \u001b[32mSUCCESS\u001b[39m - Completed successfully (0.00s) Completed successfully","status":"success","step":"Server Initialization","timestamp":"2025-04-28T16:33:28.239Z"}
{"level":"info","message":"Total Steps: 8","timestamp":"2025-04-28T16:33:28.239Z"}
{"level":"info","message":"\u001b[32mSuccesses: 5\u001b[39m","timestamp":"2025-04-28T16:33:28.240Z"}
{"level":"info","message":"\u001b[33mSkipped: 3\u001b[39m","timestamp":"2025-04-28T16:33:28.240Z"}
{"level":"info","message":"\u001b[31mFailures: 0\u001b[39m","timestamp":"2025-04-28T16:33:28.240Z"}
{"level":"info","message":"Total Duration: 2.90 seconds","timestamp":"2025-04-28T16:33:28.240Z"}
{"level":"info","message":"\u001b[36m===================================================\u001b[39m","timestamp":"2025-04-28T16:33:28.240Z"}
{"level":"info","message":"2025-04-28T16:33:28.250Z - HTTP Server running on port 5000","timestamp":"2025-04-28T16:33:28.250Z"}
{"level":"info","message":"Database Initialization: Starting","step":"database","timestamp":"2025-04-28T16:33:59.924Z"}
{"duration":"1.89","level":"info","message":"Database Initialization: Completed","status":"success","step":"database","timestamp":"2025-04-28T16:34:00.064Z"}
{"level":"info","message":"SMTP Initialization: Starting","step":"smtp","timestamp":"2025-04-28T16:34:03.332Z"}
{"level":"info","message":"SMTP server verified successfully","timestamp":"2025-04-28T16:34:03.877Z"}
{"duration":"3.81","level":"info","message":"SMTP Initialization: Completed","status":"success","step":"smtp","timestamp":"2025-04-28T16:34:03.878Z"}
{"level":"info","message":"SMS Initialization: Starting","step":"sms","timestamp":"2025-04-28T16:34:05.577Z"}
{"level":"info","message":"SMS gateway initialized","timestamp":"2025-04-28T16:34:05.578Z"}
{"duration":"1.70","level":"info","message":"SMS Initialization: Completed","status":"success","step":"sms","timestamp":"2025-04-28T16:34:05.578Z"}
{"level":"info","message":"Model Associations: Starting","step":"associations","timestamp":"2025-04-28T16:34:08.643Z"}
{"duration":"3.08","level":"info","message":"Model Associations: Completed","status":"success","step":"associations","timestamp":"2025-04-28T16:34:08.663Z"}
{"level":"info","message":"Database Synchronization: Skipped","status":"skipped","step":"sync","timestamp":"2025-04-28T16:34:12.219Z"}
{"level":"info","message":"Permission Seeding: Starting","step":"permissions","timestamp":"2025-04-28T16:34:19.684Z"}
{"level":"info","message":"No new permissions to seed","timestamp":"2025-04-28T16:34:20.000Z"}
{"duration":"7.78","level":"info","message":"Permission Seeding: Completed","status":"success","step":"permissions","timestamp":"2025-04-28T16:34:20.001Z"}
{"level":"info","message":"Super Admin Seeding: Starting","step":"superadmin","timestamp":"2025-04-28T16:34:24.481Z"}
{"level":"error","message":"Error seeding Super Admin: ","timestamp":"2025-04-28T16:34:50.713Z"}
{"duration":"30.71","error":"","level":"error","message":"Super Admin Seeding: Failed","stack":"AggregateError\n    at AxiosError.from (C:\\Users\\Kayto\\Desktop\\IT\\Projects\\Stage\\Stage PFE\\TraceFlow\\keycloak\\Back\\node_modules\\axios\\dist\\node\\axios.cjs:857:14)\n    at RedirectableRequest.handleRequestError (C:\\Users\\Kayto\\Desktop\\IT\\Projects\\Stage\\Stage PFE\\TraceFlow\\keycloak\\Back\\node_modules\\axios\\dist\\node\\axios.cjs:3169:25)\n    at RedirectableRequest.emit (node:events:518:28)\n    at eventHandlers.<computed> (C:\\Users\\Kayto\\Desktop\\IT\\Projects\\Stage\\Stage PFE\\TraceFlow\\keycloak\\Back\\node_modules\\follow-redirects\\index.js:49:24)\n    at ClientRequest.emit (node:events:518:28)\n    at emitErrorEvent (node:_http_client:104:11)\n    at Socket.socketErrorListener (node:_http_client:518:5)\n    at Socket.emit (node:events:518:28)\n    at emitErrorNT (node:internal/streams/destroy:170:8)\n    at emitErrorCloseNT (node:internal/streams/destroy:129:3)\n    at Axios.request (C:\\Users\\Kayto\\Desktop\\IT\\Projects\\Stage\\Stage PFE\\TraceFlow\\keycloak\\Back\\node_modules\\axios\\dist\\node\\axios.cjs:4258:41)\n    at process.processTicksAndRejections (node:internal/process/task_queues:105:5)\n    at async getAdminToken (C:\\Users\\Kayto\\Desktop\\IT\\Projects\\Stage\\Stage PFE\\TraceFlow\\keycloak\\Back\\scripts\\SeedSuperAdmin.js:21:22)\n    at async Object.seedSuperAdmin [as fn] (C:\\Users\\Kayto\\Desktop\\IT\\Projects\\Stage\\Stage PFE\\TraceFlow\\keycloak\\Back\\scripts\\SeedSuperAdmin.js:113:23)\n    at async startApp (C:\\Users\\Kayto\\Desktop\\IT\\Projects\\Stage\\Stage PFE\\TraceFlow\\keycloak\\Back\\app.js:187:17)","status":"failed","step":"superadmin","timestamp":"2025-04-28T16:34:50.713Z"}
{"level":"info","message":"Database Initialization: Starting","step":"database","timestamp":"2025-04-28T16:38:38.634Z"}
{"duration":"1.22","level":"info","message":"Database Initialization: Completed","status":"success","step":"database","timestamp":"2025-04-28T16:38:38.769Z"}
{"level":"info","message":"SMTP Initialization: Starting","step":"smtp","timestamp":"2025-04-28T16:38:38.939Z"}
{"level":"info","message":"SMTP server verified successfully","timestamp":"2025-04-28T16:38:39.570Z"}
{"duration":"0.80","level":"info","message":"SMTP Initialization: Completed","status":"success","step":"smtp","timestamp":"2025-04-28T16:38:39.570Z"}
{"level":"info","message":"SMS Initialization: Starting","step":"sms","timestamp":"2025-04-28T16:38:39.579Z"}
{"level":"info","message":"SMS gateway initialized","timestamp":"2025-04-28T16:38:39.580Z"}
{"duration":"0.01","level":"info","message":"SMS Initialization: Completed","status":"success","step":"sms","timestamp":"2025-04-28T16:38:39.580Z"}
{"level":"info","message":"Model Associations: Starting","step":"associations","timestamp":"2025-04-28T16:38:40.624Z"}
{"duration":"1.06","level":"info","message":"Model Associations: Completed","status":"success","step":"associations","timestamp":"2025-04-28T16:38:40.640Z"}
{"level":"info","message":"Database Synchronization: Skipped","status":"skipped","step":"sync","timestamp":"2025-04-28T16:38:42.594Z"}
{"level":"info","message":"Permission Seeding: Starting","step":"permissions","timestamp":"2025-04-28T16:38:45.722Z"}
{"level":"info","message":"No new permissions to seed","timestamp":"2025-04-28T16:38:45.987Z"}
{"duration":"3.39","level":"info","message":"Permission Seeding: Completed","status":"success","step":"permissions","timestamp":"2025-04-28T16:38:45.987Z"}
{"level":"info","message":"Super Admin Seeding: Starting","step":"superadmin","timestamp":"2025-04-28T16:38:47.123Z"}
{"level":"info","message":"\nSuper Admin Credentials:","timestamp":"2025-04-28T16:39:16.442Z"}
{"level":"info","message":"\tEmail:\t\tsuperadmin@example.com","timestamp":"2025-04-28T16:39:16.443Z"}
{"level":"info","message":"\tPassword:\tSuperSecurePassword123!\n","timestamp":"2025-04-28T16:39:16.443Z"}
{"duration":"30.45","level":"info","message":"Super Admin Seeding: Completed","status":"success","step":"superadmin","timestamp":"2025-04-28T16:39:16.443Z"}
{"level":"info","message":"Server Initialization: Starting","step":"server","timestamp":"2025-04-28T16:39:41.316Z"}
{"level":"info","message":"2025-04-28T16:39:41.318Z - mDNS advertisement skipped in development mode","timestamp":"2025-04-28T16:39:41.318Z"}
{"duration":"24.88","level":"info","message":"Server Initialization: Completed","status":"success","step":"server","timestamp":"2025-04-28T16:39:41.319Z"}
{"level":"info","message":"\u001b[36m========== TraceFlow Initialization Summary ========\u001b[39m","timestamp":"2025-04-28T16:39:41.320Z"}
{"level":"info","message":"Date: 2025-04-28T16:39:41.320Z","timestamp":"2025-04-28T16:39:41.320Z"}
{"level":"info","message":"Steps Completed:","timestamp":"2025-04-28T16:39:41.320Z"}
{"duration":"1.22","level":"info","message":"  - Database Initialization: \u001b[32mSUCCESS\u001b[39m - Completed successfully (1.22s) Completed successfully","status":"success","step":"Database Initialization","timestamp":"2025-04-28T16:39:41.320Z"}
{"duration":"0.80","level":"info","message":"  - SMTP Initialization: \u001b[32mSUCCESS\u001b[39m - Completed successfully (0.80s) Completed successfully","status":"success","step":"SMTP Initialization","timestamp":"2025-04-28T16:39:41.320Z"}
{"duration":"0.01","level":"info","message":"  - SMS Initialization: \u001b[32mSUCCESS\u001b[39m - Completed successfully (0.01s) Completed successfully","status":"success","step":"SMS Initialization","timestamp":"2025-04-28T16:39:41.321Z"}
{"duration":"1.06","level":"info","message":"  - Model Associations: \u001b[32mSUCCESS\u001b[39m - Completed successfully (1.06s) Completed successfully","status":"success","step":"Model Associations","timestamp":"2025-04-28T16:39:41.321Z"}
{"duration":"1.95","level":"info","message":"  - Database Synchronization: \u001b[33mSKIPPED\u001b[39m - Skipped by user (1.95s) Skipped by user","status":"skipped","step":"Database Synchronization","timestamp":"2025-04-28T16:39:41.321Z"}
{"duration":"3.39","level":"info","message":"  - Permission Seeding: \u001b[32mSUCCESS\u001b[39m - Completed successfully (3.39s) Completed successfully","status":"success","step":"Permission Seeding","timestamp":"2025-04-28T16:39:41.321Z"}
{"duration":"30.46","level":"info","message":"  - Super Admin Seeding: \u001b[32mSUCCESS\u001b[39m - Completed successfully (30.46s) Completed successfully","status":"success","step":"Super Admin Seeding","timestamp":"2025-04-28T16:39:41.321Z"}
{"duration":"24.88","level":"info","message":"  - Server Initialization: \u001b[32mSUCCESS\u001b[39m - Completed successfully (24.88s) Completed successfully","status":"success","step":"Server Initialization","timestamp":"2025-04-28T16:39:41.322Z"}
{"level":"info","message":"Total Steps: 8","timestamp":"2025-04-28T16:39:41.322Z"}
{"level":"info","message":"\u001b[32mSuccesses: 7\u001b[39m","timestamp":"2025-04-28T16:39:41.322Z"}
{"level":"info","message":"\u001b[33mSkipped: 1\u001b[39m","timestamp":"2025-04-28T16:39:41.322Z"}
{"level":"info","message":"\u001b[31mFailures: 0\u001b[39m","timestamp":"2025-04-28T16:39:41.322Z"}
{"level":"info","message":"Total Duration: 65.61 seconds","timestamp":"2025-04-28T16:39:41.322Z"}
{"level":"info","message":"\u001b[36m===================================================\u001b[39m","timestamp":"2025-04-28T16:39:41.323Z"}
{"level":"info","message":"2025-04-28T16:39:41.329Z - HTTP Server running on port 5000","timestamp":"2025-04-28T16:39:41.329Z"}
{"level":"info","message":"Database Initialization: Starting","step":"database","timestamp":"2025-04-28T16:43:09.955Z"}
{"duration":"1.44","level":"info","message":"Database Initialization: Completed","status":"success","step":"database","timestamp":"2025-04-28T16:43:10.088Z"}
{"level":"info","message":"SMTP Initialization: Starting","step":"smtp","timestamp":"2025-04-28T16:43:10.306Z"}
{"level":"info","message":"SMTP server verified successfully","timestamp":"2025-04-28T16:43:10.931Z"}
{"duration":"0.84","level":"info","message":"SMTP Initialization: Completed","status":"success","step":"smtp","timestamp":"2025-04-28T16:43:10.932Z"}
{"level":"info","message":"SMS Initialization: Starting","step":"sms","timestamp":"2025-04-28T16:43:11.406Z"}
{"level":"info","message":"SMS gateway initialized","timestamp":"2025-04-28T16:43:11.407Z"}
{"duration":"0.47","level":"info","message":"SMS Initialization: Completed","status":"success","step":"sms","timestamp":"2025-04-28T16:43:11.407Z"}
{"level":"info","message":"Model Associations: Starting","step":"associations","timestamp":"2025-04-28T16:43:18.855Z"}
{"duration":"7.46","level":"info","message":"Model Associations: Completed","status":"success","step":"associations","timestamp":"2025-04-28T16:43:18.873Z"}
{"level":"info","message":"Database Synchronization: Starting","step":"sync","timestamp":"2025-04-28T16:43:22.100Z"}
{"duration":"26.99","level":"info","message":"Database Synchronization: Completed","status":"success","step":"sync","timestamp":"2025-04-28T16:43:45.863Z"}
{"level":"info","message":"Permission Seeding: Starting","step":"permissions","timestamp":"2025-04-28T16:43:55.952Z"}
{"level":"info","message":"No new permissions to seed","timestamp":"2025-04-28T16:43:56.231Z"}
{"duration":"10.37","level":"info","message":"Permission Seeding: Completed","status":"success","step":"permissions","timestamp":"2025-04-28T16:43:56.232Z"}
{"level":"info","message":"Super Admin Seeding: Starting","step":"superadmin","timestamp":"2025-04-28T16:44:02.736Z"}
{"level":"info","message":"\nSuper Admin Credentials:","timestamp":"2025-04-28T16:44:29.174Z"}
{"level":"info","message":"\tEmail:\t\tsuperadmin@example.com","timestamp":"2025-04-28T16:44:29.175Z"}
{"level":"info","message":"\tPassword:\tSuperSecurePassword123!\n","timestamp":"2025-04-28T16:44:29.175Z"}
{"duration":"32.94","level":"info","message":"Super Admin Seeding: Completed","status":"success","step":"superadmin","timestamp":"2025-04-28T16:44:29.176Z"}
{"level":"info","message":"Server Initialization: Starting","step":"server","timestamp":"2025-04-28T16:45:17.646Z"}
{"level":"info","message":"2025-04-28T16:45:17.649Z - mDNS advertisement skipped in development mode","timestamp":"2025-04-28T16:45:17.649Z"}
{"duration":"48.47","level":"info","message":"Server Initialization: Completed","status":"success","step":"server","timestamp":"2025-04-28T16:45:17.649Z"}
{"level":"info","message":"\u001b[36m========== TraceFlow Initialization Summary ========\u001b[39m","timestamp":"2025-04-28T16:45:17.651Z"}
{"level":"info","message":"Date: 2025-04-28T16:45:17.652Z","timestamp":"2025-04-28T16:45:17.652Z"}
{"level":"info","message":"Steps Completed:","timestamp":"2025-04-28T16:45:17.652Z"}
{"duration":"1.44","level":"info","message":"  - Database Initialization: \u001b[32mSUCCESS\u001b[39m - Completed successfully (1.44s) Completed successfully","status":"success","step":"Database Initialization","timestamp":"2025-04-28T16:45:17.652Z"}
{"duration":"0.84","level":"info","message":"  - SMTP Initialization: \u001b[32mSUCCESS\u001b[39m - Completed successfully (0.84s) Completed successfully","status":"success","step":"SMTP Initialization","timestamp":"2025-04-28T16:45:17.653Z"}
{"duration":"0.47","level":"info","message":"  - SMS Initialization: \u001b[32mSUCCESS\u001b[39m - Completed successfully (0.47s) Completed successfully","status":"success","step":"SMS Initialization","timestamp":"2025-04-28T16:45:17.653Z"}
{"duration":"7.47","level":"info","message":"  - Model Associations: \u001b[32mSUCCESS\u001b[39m - Completed successfully (7.47s) Completed successfully","status":"success","step":"Model Associations","timestamp":"2025-04-28T16:45:17.653Z"}
{"duration":"26.99","level":"info","message":"  - Database Synchronization: \u001b[32mSUCCESS\u001b[39m - Completed successfully (26.99s) Completed successfully","status":"success","step":"Database Synchronization","timestamp":"2025-04-28T16:45:17.654Z"}
{"duration":"10.37","level":"info","message":"  - Permission Seeding: \u001b[32mSUCCESS\u001b[39m - Completed successfully (10.37s) Completed successfully","status":"success","step":"Permission Seeding","timestamp":"2025-04-28T16:45:17.656Z"}
{"duration":"32.94","level":"info","message":"  - Super Admin Seeding: \u001b[32mSUCCESS\u001b[39m - Completed successfully (32.94s) Completed successfully","status":"success","step":"Super Admin Seeding","timestamp":"2025-04-28T16:45:17.656Z"}
{"duration":"48.47","level":"info","message":"  - Server Initialization: \u001b[32mSUCCESS\u001b[39m - Completed successfully (48.47s) Completed successfully","status":"success","step":"Server Initialization","timestamp":"2025-04-28T16:45:17.656Z"}
{"level":"info","message":"Total Steps: 8","timestamp":"2025-04-28T16:45:17.656Z"}
{"level":"info","message":"\u001b[32mSuccesses: 8\u001b[39m","timestamp":"2025-04-28T16:45:17.657Z"}
{"level":"info","message":"\u001b[33mSkipped: 0\u001b[39m","timestamp":"2025-04-28T16:45:17.657Z"}
{"level":"info","message":"\u001b[31mFailures: 0\u001b[39m","timestamp":"2025-04-28T16:45:17.657Z"}
{"level":"info","message":"Total Duration: 131.21 seconds","timestamp":"2025-04-28T16:45:17.657Z"}
{"level":"info","message":"\u001b[36m===================================================\u001b[39m","timestamp":"2025-04-28T16:45:17.657Z"}
{"level":"info","message":"2025-04-28T16:45:17.663Z - HTTP Server running on port 5000","timestamp":"2025-04-28T16:45:17.663Z"}
2025-04-28T16:50:12.844Z [info]: Database Initialization: Starting
2025-04-28T16:50:13.058Z [info]: Database Initialization: Completed successfully
2025-04-28T16:50:13.980Z [info]: SMTP Initialization: Starting
2025-04-28T16:50:14.577Z [info]: SMTP server verified successfully
2025-04-28T16:50:14.577Z [info]: SMTP Initialization: Completed successfully
2025-04-28T16:50:15.259Z [info]: SMS Initialization: Starting
2025-04-28T16:50:15.260Z [info]: SMS gateway initialized
2025-04-28T16:50:15.260Z [info]: SMS Initialization: Completed successfully
2025-04-28T16:50:18.325Z [info]: Model Associations: Starting
2025-04-28T16:50:18.344Z [info]: Model Associations: Completed successfully
2025-04-28T16:50:19.961Z [info]: Database Synchronization: Skipped by user
2025-04-28T16:50:22.218Z [info]: Permission Seeding: Starting
2025-04-28T16:50:22.475Z [info]: No new permissions to seed
2025-04-28T16:50:22.475Z [info]: Permission Seeding: Completed successfully
2025-04-28T16:50:25.994Z [info]: Super Admin Seeding: Starting
2025-04-28T16:50:52.933Z [info]: 
Super Admin Credentials:
2025-04-28T16:50:52.933Z [info]: 	Email:		superadmin@example.com
2025-04-28T16:50:52.934Z [info]: 	Password:	SuperSecurePassword123!

2025-04-28T16:50:52.934Z [info]: Super Admin Seeding: Completed successfully
2025-04-28T16:52:29.542Z [info]: Server Initialization: Starting
2025-04-28T16:52:29.544Z [info]: 2025-04-28T16:52:29.544Z - mDNS advertisement skipped in development mode
2025-04-28T16:52:29.545Z [info]: Server Initialization: Completed successfully
2025-04-28T16:52:29.546Z [info]: [36m========== TraceFlow Initialization Summary ========[39m
2025-04-28T16:52:29.546Z [info]: Date: 2025-04-28T16:52:29.546Z
2025-04-28T16:52:29.546Z [info]: Steps Completed:
2025-04-28T16:52:29.546Z [info]:   - Database Initialization: [32mSUCCESS[39m - Completed successfully (1.41s)
2025-04-28T16:52:29.546Z [info]:   - SMTP Initialization: [32mSUCCESS[39m - Completed successfully (1.52s)
2025-04-28T16:52:29.546Z [info]:   - SMS Initialization: [32mSUCCESS[39m - Completed successfully (0.68s)
2025-04-28T16:52:29.547Z [info]:   - Model Associations: [32mSUCCESS[39m - Completed successfully (3.08s)
2025-04-28T16:52:29.547Z [info]:   - Database Synchronization: [33mSKIPPED[39m - Skipped by user (1.62s)
2025-04-28T16:52:29.547Z [info]:   - Permission Seeding: [32mSUCCESS[39m - Completed successfully (2.52s)
2025-04-28T16:52:29.547Z [info]:   - Super Admin Seeding: [32mSUCCESS[39m - Completed successfully (30.46s)
2025-04-28T16:52:29.547Z [info]:   - Server Initialization: [32mSUCCESS[39m - Completed successfully (96.61s)
2025-04-28T16:52:29.547Z [info]: Total Steps: 8
2025-04-28T16:52:29.547Z [info]: [32mSuccesses: 7[39m
2025-04-28T16:52:29.548Z [info]: [33mSkipped: 1[39m
2025-04-28T16:52:29.548Z [info]: [31mFailures: 0[39m
2025-04-28T16:52:29.548Z [info]: Total Duration: 140.35 seconds
2025-04-28T16:52:29.548Z [info]: [36m===================================================[39m
2025-04-28T16:52:29.554Z [info]: 2025-04-28T16:52:29.554Z - HTTP Server running on port 5000
2025-04-28T16:52:45.812Z [info]: Database Initialization: Starting
2025-04-28T16:52:45.966Z [info]: Database Initialization: Completed successfully
2025-04-28T16:52:45.967Z [info]: SMTP Initialization: Starting
2025-04-28T16:52:46.562Z [info]: SMTP server verified successfully
2025-04-28T16:52:46.562Z [info]: SMTP Initialization: Completed successfully
2025-04-28T16:52:46.563Z [info]: SMS Initialization: Starting
2025-04-28T16:52:46.564Z [info]: SMS gateway initialized
2025-04-28T16:52:46.564Z [info]: SMS Initialization: Completed successfully
2025-04-28T16:52:46.565Z [info]: Model Associations: Starting
2025-04-28T16:52:46.587Z [info]: Model Associations: Completed successfully
2025-04-28T16:52:46.588Z [info]: Database Synchronization: Skipped by user
2025-04-28T16:52:46.588Z [info]: Permission Seeding: Skipped by user
2025-04-28T16:52:46.588Z [info]: Super Admin Seeding: Skipped by user
2025-04-28T16:52:46.589Z [info]: Server Initialization: Starting
2025-04-28T16:52:46.592Z [info]: 2025-04-28T16:52:46.592Z - mDNS advertisement skipped in development mode
2025-04-28T16:52:46.593Z [info]: Server Initialization: Completed successfully
2025-04-28T16:52:46.596Z [info]: [36m========== TraceFlow Initialization Summary ========[39m
2025-04-28T16:52:46.597Z [info]: Date: 2025-04-28T16:52:46.597Z
2025-04-28T16:52:46.607Z [info]: Steps Completed:
2025-04-28T16:52:46.607Z [info]:   - Database Initialization: [32mSUCCESS[39m - Completed successfully (0.15s)
2025-04-28T16:52:46.608Z [info]:   - SMTP Initialization: [32mSUCCESS[39m - Completed successfully (0.60s)
2025-04-28T16:52:46.608Z [info]:   - SMS Initialization: [32mSUCCESS[39m - Completed successfully (0.00s)
2025-04-28T16:52:46.609Z [info]:   - Model Associations: [32mSUCCESS[39m - Completed successfully (0.02s)
2025-04-28T16:52:46.610Z [info]:   - Database Synchronization: [33mSKIPPED[39m - Skipped by user (0.00s)
2025-04-28T16:52:46.610Z [info]:   - Permission Seeding: [33mSKIPPED[39m - Skipped by user (0.00s)
2025-04-28T16:52:46.611Z [info]:   - Super Admin Seeding: [33mSKIPPED[39m - Skipped by user (0.00s)
2025-04-28T16:52:46.611Z [info]:   - Server Initialization: [32mSUCCESS[39m - Completed successfully (0.01s)
2025-04-28T16:52:46.611Z [info]: Total Steps: 8
2025-04-28T16:52:46.612Z [info]: [32mSuccesses: 5[39m
2025-04-28T16:52:46.612Z [info]: [33mSkipped: 3[39m
2025-04-28T16:52:46.612Z [info]: [31mFailures: 0[39m
2025-04-28T16:52:46.612Z [info]: Total Duration: 1.16 seconds
2025-04-28T16:52:46.612Z [info]: [36m===================================================[39m
2025-04-28T16:52:46.624Z [info]: 2025-04-28T16:52:46.624Z - HTTP Server running on port 5000
2025-04-28T16:53:15.322Z [cyanm[info][0m: [cyanmDatabase Initialization: Starting[0m
2025-04-28T16:53:15.513Z [cyanm[info][0m: [cyanmDatabase Initialization: Completed successfully[0m
2025-04-28T16:53:15.515Z [cyanm[info][0m: [cyanmSMTP Initialization: Starting[0m
2025-04-28T16:53:16.096Z [cyanm[info][0m: [cyanmSMTP server verified successfully[0m
2025-04-28T16:53:16.097Z [cyanm[info][0m: [cyanmSMTP Initialization: Completed successfully[0m
2025-04-28T16:53:16.098Z [cyanm[info][0m: [cyanmSMS Initialization: Starting[0m
2025-04-28T16:53:16.098Z [cyanm[info][0m: [cyanmSMS gateway initialized[0m
2025-04-28T16:53:16.099Z [cyanm[info][0m: [cyanmSMS Initialization: Completed successfully[0m
2025-04-28T16:53:16.099Z [cyanm[info][0m: [cyanmModel Associations: Starting[0m
2025-04-28T16:53:16.115Z [cyanm[info][0m: [cyanmModel Associations: Completed successfully[0m
2025-04-28T16:53:16.116Z [cyanm[info][0m: [cyanmDatabase Synchronization: Skipped by user[0m
2025-04-28T16:53:16.116Z [cyanm[info][0m: [cyanmPermission Seeding: Skipped by user[0m
2025-04-28T16:53:16.116Z [cyanm[info][0m: [cyanmSuper Admin Seeding: Skipped by user[0m
2025-04-28T16:53:16.117Z [cyanm[info][0m: [cyanmServer Initialization: Starting[0m
2025-04-28T16:53:16.119Z [cyanm[info][0m: [cyanm2025-04-28T16:53:16.119Z - mDNS advertisement skipped in development mode[0m
2025-04-28T16:53:16.120Z [cyanm[info][0m: [cyanmServer Initialization: Completed successfully[0m
2025-04-28T16:53:16.121Z [cyanm[info][0m: [cyanm[36m========== TraceFlow Initialization Summary ========[39m[0m
2025-04-28T16:53:16.121Z [cyanm[info][0m: [cyanmDate: 2025-04-28T16:53:16.121Z[0m
2025-04-28T16:53:16.121Z [cyanm[info][0m: [cyanmSteps Completed:[0m
2025-04-28T16:53:16.122Z [cyanm[info][0m: [cyanm  - Database Initialization: [32mSUCCESS[39m - Completed successfully (0.19s)[0m
2025-04-28T16:53:16.122Z [cyanm[info][0m: [cyanm  - SMTP Initialization: [32mSUCCESS[39m - Completed successfully (0.58s)[0m
2025-04-28T16:53:16.122Z [cyanm[info][0m: [cyanm  - SMS Initialization: [32mSUCCESS[39m - Completed successfully (0.00s)[0m
2025-04-28T16:53:16.123Z [cyanm[info][0m: [cyanm  - Model Associations: [32mSUCCESS[39m - Completed successfully (0.02s)[0m
2025-04-28T16:53:16.123Z [cyanm[info][0m: [cyanm  - Database Synchronization: [33mSKIPPED[39m - Skipped by user (0.00s)[0m
2025-04-28T16:53:16.123Z [cyanm[info][0m: [cyanm  - Permission Seeding: [33mSKIPPED[39m - Skipped by user (0.00s)[0m
2025-04-28T16:53:16.123Z [cyanm[info][0m: [cyanm  - Super Admin Seeding: [33mSKIPPED[39m - Skipped by user (0.00s)[0m
2025-04-28T16:53:16.124Z [cyanm[info][0m: [cyanm  - Server Initialization: [32mSUCCESS[39m - Completed successfully (0.00s)[0m
2025-04-28T16:53:16.124Z [cyanm[info][0m: [cyanmTotal Steps: 8[0m
2025-04-28T16:53:16.124Z [cyanm[info][0m: [cyanm[32mSuccesses: 5[39m[0m
2025-04-28T16:53:16.125Z [cyanm[info][0m: [cyanm[33mSkipped: 3[39m[0m
2025-04-28T16:53:16.126Z [cyanm[info][0m: [cyanm[31mFailures: 0[39m[0m
2025-04-28T16:53:16.126Z [cyanm[info][0m: [cyanmTotal Duration: 1.93 seconds[0m
2025-04-28T16:53:16.127Z [cyanm[info][0m: [cyanm[36m===================================================[39m[0m
2025-04-28T16:53:16.137Z [cyanm[info][0m: [cyanm2025-04-28T16:53:16.137Z - HTTP Server running on port 5000[0m
